../Drivers/CMSIS/Include/core_cm33.h:3212:26:ITM_SendChar	16	static,ignoring_inline_asm
../Core/Src/main.c:72:6:HAL_UARTEx_RxEventCallback	16	static
../Core/Src/main.c:84:5:main	8	static
../Core/Src/main.c:142:6:SystemClock_Config	128	static
../Core/Src/main.c:196:13:SystemPower_Config	8	static
../Core/Src/main.c:216:13:MX_CRC_Init	8	static
../Core/Src/main.c:247:13:MX_GPDMA1_Init	16	static
../Core/Src/main.c:277:13:MX_ICACHE_Init	8	static
../Core/Src/main.c:309:13:MX_USART3_UART_Init	8	static
../Core/Src/main.c:357:13:MX_GPIO_Init	64	static
../Core/Src/main.c:631:5:_write	32	static
../Core/Src/main.c:648:6:Error_Handler	4	static,ignoring_inline_asm
