../Core/Src/stm32u5xx_it.c:72:6:NMI_Handler	4	static
../Core/Src/stm32u5xx_it.c:87:6:HardFault_Handler	32	static
../Core/Src/stm32u5xx_it.c:107:6:MemManage_Handler	4	static
../Core/Src/stm32u5xx_it.c:122:6:BusFault_Handler	4	static
../Core/Src/stm32u5xx_it.c:137:6:UsageFault_Handler	4	static
../Core/Src/stm32u5xx_it.c:152:6:SVC_Handler	4	static
../Core/Src/stm32u5xx_it.c:165:6:DebugMon_Handler	4	static
../Core/Src/stm32u5xx_it.c:178:6:PendSV_Handler	4	static
../Core/Src/stm32u5xx_it.c:191:6:SysTick_Handler	8	static
../Core/Src/stm32u5xx_it.c:212:6:USART3_IRQHandler	8	static
../Core/Src/stm32u5xx_it.c:226:6:GPDMA1_Channel10_IRQHandler	8	static
../Core/Src/stm32u5xx_it.c:240:6:GPDMA1_Channel11_IRQHandler	8	static
