Archive member included to satisfy reference by file (symbol)

/Applications/STM32CubeIDE.app/Contents/Eclipse/plugins/com.st.stm32cube.ide.mcu.externaltools.gnu-tools-for-stm32.13.3.rel1.macos64_1.0.0.202411102158/tools/bin/../lib/gcc/arm-none-eabi/13.3.1/../../../../arm-none-eabi/lib/thumb/v8-m.main+fp/hard/libc_nano.a(libc_a-exit.o)
                              /Applications/STM32CubeIDE.app/Contents/Eclipse/plugins/com.st.stm32cube.ide.mcu.externaltools.gnu-tools-for-stm32.13.3.rel1.macos64_1.0.0.202411102158/tools/bin/../lib/gcc/arm-none-eabi/13.3.1/../../../../arm-none-eabi/lib/thumb/v8-m.main+fp/hard/crt0.o (exit)
/Applications/STM32CubeIDE.app/Contents/Eclipse/plugins/com.st.stm32cube.ide.mcu.externaltools.gnu-tools-for-stm32.13.3.rel1.macos64_1.0.0.202411102158/tools/bin/../lib/gcc/arm-none-eabi/13.3.1/../../../../arm-none-eabi/lib/thumb/v8-m.main+fp/hard/libc_nano.a(libc_a-findfp.o)
                              /Applications/STM32CubeIDE.app/Contents/Eclipse/plugins/com.st.stm32cube.ide.mcu.externaltools.gnu-tools-for-stm32.13.3.rel1.macos64_1.0.0.202411102158/tools/bin/../lib/gcc/arm-none-eabi/13.3.1/../../../../arm-none-eabi/lib/thumb/v8-m.main+fp/hard/libc_nano.a(libc_a-exit.o) (__stdio_exit_handler)
/Applications/STM32CubeIDE.app/Contents/Eclipse/plugins/com.st.stm32cube.ide.mcu.externaltools.gnu-tools-for-stm32.13.3.rel1.macos64_1.0.0.202411102158/tools/bin/../lib/gcc/arm-none-eabi/13.3.1/../../../../arm-none-eabi/lib/thumb/v8-m.main+fp/hard/libc_nano.a(libc_a-fwalk.o)
                              /Applications/STM32CubeIDE.app/Contents/Eclipse/plugins/com.st.stm32cube.ide.mcu.externaltools.gnu-tools-for-stm32.13.3.rel1.macos64_1.0.0.202411102158/tools/bin/../lib/gcc/arm-none-eabi/13.3.1/../../../../arm-none-eabi/lib/thumb/v8-m.main+fp/hard/libc_nano.a(libc_a-findfp.o) (_fwalk_sglue)
/Applications/STM32CubeIDE.app/Contents/Eclipse/plugins/com.st.stm32cube.ide.mcu.externaltools.gnu-tools-for-stm32.13.3.rel1.macos64_1.0.0.202411102158/tools/bin/../lib/gcc/arm-none-eabi/13.3.1/../../../../arm-none-eabi/lib/thumb/v8-m.main+fp/hard/libc_nano.a(libc_a-printf.o)
                              ./Core/Src/serial_port.o (printf)
/Applications/STM32CubeIDE.app/Contents/Eclipse/plugins/com.st.stm32cube.ide.mcu.externaltools.gnu-tools-for-stm32.13.3.rel1.macos64_1.0.0.202411102158/tools/bin/../lib/gcc/arm-none-eabi/13.3.1/../../../../arm-none-eabi/lib/thumb/v8-m.main+fp/hard/libc_nano.a(libc_a-puts.o)
                              ./Core/Src/serial_port.o (puts)
/Applications/STM32CubeIDE.app/Contents/Eclipse/plugins/com.st.stm32cube.ide.mcu.externaltools.gnu-tools-for-stm32.13.3.rel1.macos64_1.0.0.202411102158/tools/bin/../lib/gcc/arm-none-eabi/13.3.1/../../../../arm-none-eabi/lib/thumb/v8-m.main+fp/hard/libc_nano.a(libc_a-memset.o)
                              /Applications/STM32CubeIDE.app/Contents/Eclipse/plugins/com.st.stm32cube.ide.mcu.externaltools.gnu-tools-for-stm32.13.3.rel1.macos64_1.0.0.202411102158/tools/bin/../lib/gcc/arm-none-eabi/13.3.1/../../../../arm-none-eabi/lib/thumb/v8-m.main+fp/hard/crt0.o (memset)
/Applications/STM32CubeIDE.app/Contents/Eclipse/plugins/com.st.stm32cube.ide.mcu.externaltools.gnu-tools-for-stm32.13.3.rel1.macos64_1.0.0.202411102158/tools/bin/../lib/gcc/arm-none-eabi/13.3.1/../../../../arm-none-eabi/lib/thumb/v8-m.main+fp/hard/libc_nano.a(libc_a-errno.o)
                              ./Core/Src/syscalls.o (__errno)
/Applications/STM32CubeIDE.app/Contents/Eclipse/plugins/com.st.stm32cube.ide.mcu.externaltools.gnu-tools-for-stm32.13.3.rel1.macos64_1.0.0.202411102158/tools/bin/../lib/gcc/arm-none-eabi/13.3.1/../../../../arm-none-eabi/lib/thumb/v8-m.main+fp/hard/libc_nano.a(libc_a-init.o)
                              /Applications/STM32CubeIDE.app/Contents/Eclipse/plugins/com.st.stm32cube.ide.mcu.externaltools.gnu-tools-for-stm32.13.3.rel1.macos64_1.0.0.202411102158/tools/bin/../lib/gcc/arm-none-eabi/13.3.1/../../../../arm-none-eabi/lib/thumb/v8-m.main+fp/hard/crt0.o (__libc_init_array)
/Applications/STM32CubeIDE.app/Contents/Eclipse/plugins/com.st.stm32cube.ide.mcu.externaltools.gnu-tools-for-stm32.13.3.rel1.macos64_1.0.0.202411102158/tools/bin/../lib/gcc/arm-none-eabi/13.3.1/../../../../arm-none-eabi/lib/thumb/v8-m.main+fp/hard/libc_nano.a(libc_a-lock.o)
                              /Applications/STM32CubeIDE.app/Contents/Eclipse/plugins/com.st.stm32cube.ide.mcu.externaltools.gnu-tools-for-stm32.13.3.rel1.macos64_1.0.0.202411102158/tools/bin/../lib/gcc/arm-none-eabi/13.3.1/../../../../arm-none-eabi/lib/thumb/v8-m.main+fp/hard/libc_nano.a(libc_a-findfp.o) (__retarget_lock_init_recursive)
/Applications/STM32CubeIDE.app/Contents/Eclipse/plugins/com.st.stm32cube.ide.mcu.externaltools.gnu-tools-for-stm32.13.3.rel1.macos64_1.0.0.202411102158/tools/bin/../lib/gcc/arm-none-eabi/13.3.1/../../../../arm-none-eabi/lib/thumb/v8-m.main+fp/hard/libc_nano.a(libc_a-impure.o)
[...]
Memory Configuration

Name             Origin             Length             Attributes
RAM              0x20000000         0x000c0000         xrw
SRAM4            0x28000000         0x00004000         xrw
FLASH            0x08000000         0x00200000         xr
*default*        0x00000000         0xffffffff

Linker script and memory map

LOAD /Applications/STM32CubeIDE.app/Contents/Eclipse/plugins/com.st.stm32cube.ide.mcu.externaltools.gnu-tools-for-stm32.13.3.rel1.macos64_1.0.0.202411102158/tools/bin/../lib/gcc/arm-none-eabi/13.3.1/thumb/v8-m.main+fp/hard/crti.o
LOAD /Applications/STM32CubeIDE.app/Contents/Eclipse/plugins/com.st.stm32cube.ide.mcu.externaltools.gnu-tools-for-stm32.13.3.rel1.macos64_1.0.0.202411102158/tools/bin/../lib/gcc/arm-none-eabi/13.3.1/thumb/v8-m.main+fp/hard/crtbegin.o
LOAD /Applications/STM32CubeIDE.app/Contents/Eclipse/plugins/com.st.stm32cube.ide.mcu.externaltools.gnu-tools-for-stm32.13.3.rel1.macos64_1.0.0.202411102158/tools/bin/../lib/gcc/arm-none-eabi/13.3.1/../../../../arm-none-eabi/lib/thumb/v8-m.main+fp/hard/crt0.o
LOAD ./Core/Src/flash_control.o
LOAD ./Core/Src/main.o
LOAD ./Core/Src/serial_port.o
LOAD ./Core/Src/stm32u5xx_hal_msp.o
LOAD ./Core/Src/stm32u5xx_it.o
LOAD ./Core/Src/syscalls.o
LOAD ./Core/Src/sysmem.o
LOAD ./Core/Src/system_stm32u5xx.o
LOAD ./Core/Startup/startup_stm32u585aiixq.o
LOAD ./Drivers/STM32U5xx_HAL_Driver/Src/stm32u5xx_hal.o
LOAD ./Drivers/STM32U5xx_HAL_Driver/Src/stm32u5xx_hal_cortex.o
LOAD ./Drivers/STM32U5xx_HAL_Driver/Src/stm32u5xx_hal_crc.o
LOAD ./Drivers/STM32U5xx_HAL_Driver/Src/stm32u5xx_hal_crc_ex.o
LOAD ./Drivers/STM32U5xx_HAL_Driver/Src/stm32u5xx_hal_dma.o
LOAD ./Drivers/STM32U5xx_HAL_Driver/Src/stm32u5xx_hal_dma_ex.o
LOAD ./Drivers/STM32U5xx_HAL_Driver/Src/stm32u5xx_hal_exti.o
LOAD ./Drivers/STM32U5xx_HAL_Driver/Src/stm32u5xx_hal_flash.o
LOAD ./Drivers/STM32U5xx_HAL_Driver/Src/stm32u5xx_hal_flash_ex.o
LOAD ./Drivers/STM32U5xx_HAL_Driver/Src/stm32u5xx_hal_gpio.o
LOAD ./Drivers/STM32U5xx_HAL_Driver/Src/stm32u5xx_hal_gtzc.o
LOAD ./Drivers/STM32U5xx_HAL_Driver/Src/stm32u5xx_hal_i2c.o
LOAD ./Drivers/STM32U5xx_HAL_Driver/Src/stm32u5xx_hal_i2c_ex.o
LOAD ./Drivers/STM32U5xx_HAL_Driver/Src/stm32u5xx_hal_icache.o
LOAD ./Drivers/STM32U5xx_HAL_Driver/Src/stm32u5xx_hal_pwr.o
LOAD ./Drivers/STM32U5xx_HAL_Driver/Src/stm32u5xx_hal_pwr_ex.o
LOAD ./Drivers/STM32U5xx_HAL_Driver/Src/stm32u5xx_hal_rcc.o
LOAD ./Drivers/STM32U5xx_HAL_Driver/Src/stm32u5xx_hal_rcc_ex.o
LOAD ./Drivers/STM32U5xx_HAL_Driver/Src/stm32u5xx_hal_uart.o
LOAD ./Drivers/STM32U5xx_HAL_Driver/Src/stm32u5xx_hal_uart_ex.o
START GROUP
LOAD /Applications/STM32CubeIDE.app/Contents/Eclipse/plugins/com.st.stm32cube.ide.mcu.externaltools.gnu-tools-for-stm32.13.3.rel1.macos64_1.0.0.202411102158/tools/bin/../lib/gcc/arm-none-eabi/13.3.1/../../../../arm-none-eabi/lib/thumb/v8-m.main+fp/hard/libc_nano.a
LOAD /Applications/STM32CubeIDE.app/Contents/Eclipse/plugins/com.st.stm32cube.ide.mcu.externaltools.gnu-tools-for-stm32.13.3.rel1.macos64_1.0.0.202411102158/tools/bin/../lib/gcc/arm-none-eabi/13.3.1/../../../../arm-none-eabi/lib/thumb/v8-m.main+fp/hard/libm.a
END GROUP
START GROUP
LOAD /Applications/STM32CubeIDE.app/Contents/Eclipse/plugins/com.st.stm32cube.ide.mcu.externaltools.gnu-tools-for-stm32.13.3.rel1.macos64_1.0.0.202411102158/tools/bin/../lib/gcc/arm-none-eabi/13.3.1/thumb/v8-m.main+fp/hard/libgcc.a
LOAD /Applications/STM32CubeIDE.app/Contents/Eclipse/plugins/com.st.stm32cube.ide.mcu.externaltools.gnu-tools-for-stm32.13.3.rel1.macos64_1.0.0.202411102158/tools/bin/../lib/gcc/arm-none-eabi/13.3.1/../../../../arm-none-eabi/lib/thumb/v8-m.main+fp/hard/libc_nano.a
END GROUP
START GROUP
LOAD /Applications/STM32CubeIDE.app/Contents/Eclipse/plugins/com.st.stm32cube.ide.mcu.externaltools.gnu-tools-for-stm32.13.3.rel1.macos64_1.0.0.202411102158/tools/bin/../lib/gcc/arm-none-eabi/13.3.1/thumb/v8-m.main+fp/hard/libgcc.a
LOAD /Applications/STM32CubeIDE.app/Contents/Eclipse/plugins/com.st.stm32cube.ide.mcu.externaltools.gnu-tools-for-stm32.13.3.rel1.macos64_1.0.0.202411102158/tools/bin/../lib/gcc/arm-none-eabi/13.3.1/../../../../arm-none-eabi/lib/thumb/v8-m.main+fp/hard/libc_nano.a
LOAD /Applications/STM32CubeIDE.app/Contents/Eclipse/plugins/com.st.stm32cube.ide.mcu.externaltools.gnu-tools-for-stm32.13.3.rel1.macos64_1.0.0.202411102158/tools/bin/../lib/gcc/arm-none-eabi/13.3.1/../../../../arm-none-eabi/lib/thumb/v8-m.main+fp/hard/libnosys.a
END GROUP
START GROUP
LOAD /Applications/STM32CubeIDE.app/Contents/Eclipse/plugins/com.st.stm32cube.ide.mcu.externaltools.gnu-tools-for-stm32.13.3.rel1.macos64_1.0.0.202411102158/tools/bin/../lib/gcc/arm-none-eabi/13.3.1/thumb/v8-m.main+fp/hard/libgcc.a
LOAD /Applications/STM32CubeIDE.app/Contents/Eclipse/plugins/com.st.stm32cube.ide.mcu.externaltools.gnu-tools-for-stm32.13.3.rel1.macos64_1.0.0.202411102158/tools/bin/../lib/gcc/arm-none-eabi/13.3.1/../../../../arm-none-eabi/lib/thumb/v8-m.main+fp/hard/libc_nano.a
LOAD /Applications/STM32CubeIDE.app/Contents/Eclipse/plugins/com.st.stm32cube.ide.mcu.externaltools.gnu-tools-for-stm32.13.3.rel1.macos64_1.0.0.202411102158/tools/bin/../lib/gcc/arm-none-eabi/13.3.1/../../../../arm-none-eabi/lib/thumb/v8-m.main+fp/hard/libnosys.a
END GROUP
LOAD /Applications/STM32CubeIDE.app/Contents/Eclipse/plugins/com.st.stm32cube.ide.mcu.externaltools.gnu-tools-for-stm32.13.3.rel1.macos64_1.0.0.202411102158/tools/bin/../lib/gcc/arm-none-eabi/13.3.1/thumb/v8-m.main+fp/hard/crtend.o
LOAD /Applications/STM32CubeIDE.app/Contents/Eclipse/plugins/com.st.stm32cube.ide.mcu.externaltools.gnu-tools-for-stm32.13.3.rel1.macos64_1.0.0.202411102158/tools/bin/../lib/gcc/arm-none-eabi/13.3.1/thumb/v8-m.main+fp/hard/crtn.o
                0x200c0000                        _estack = (ORIGIN (RAM) + LENGTH (RAM))
                0x00000200                        _Min_Heap_Size = 0x200
                0x00000400                        _Min_Stack_Size = 0x400

.isr_vector     0x08000000      0x238
 *(.isr_vector)
 .isr_vector    0x08000000      0x238 ./Core/Startup/startup_stm32u585aiixq.o
                0x08000000                g_pfnVectors

.text           0x08000238     0xa2a0
 *(.text)
 .text          0x08000238       0x40 /Applications/STM32CubeIDE.app/Contents/Eclipse/plugins/com.st.stm32cube.ide.mcu.externaltools.gnu-tools-for-stm32.13.3.rel1.macos64_1.0.0.202411102158/tools/bin/../lib/gcc/arm-none-eabi/13.3.1/thumb/v8-m.main+fp/hard/crtbegin.o
 .text          0x08000278       0x30 /Applications/STM32CubeIDE.app/Contents/Eclipse/plugins/com.st.stm32cube.ide.mcu.externaltools.gnu-tools-for-stm32.13.3.rel1.macos64_1.0.0.202411102158/tools/bin/../lib/gcc/arm-none-eabi/13.3.1/thumb/v8-m.main+fp/hard/libgcc.a(_aeabi_uldivmod.o)
                0x08000278                __aeabi_uldivmod
 .text          0x080002a8      0x348 /Applications/STM32CubeIDE.app/Contents/Eclipse/plugins/com.st.stm32cube.ide.mcu.externaltools.gnu-tools-for-stm32.13.3.rel1.macos64_1.0.0.202411102158/tools/bin/../lib/gcc/arm-none-eabi/13.3.1/thumb/v8-m.main+fp/hard/libgcc.a(_udivmoddi4.o)
                0x080002a8                __udivmoddi4
 .text          0x080005f0        0x4 /Applications/STM32CubeIDE.app/Contents/Eclipse/plugins/com.st.stm32cube.ide.mcu.externaltools.gnu-tools-for-stm32.13.3.rel1.macos64_1.0.0.202411102158/tools/bin/../lib/gcc/arm-none-eabi/13.3.1/thumb/v8-m.main+fp/hard/libgcc.a(_dvmd_tls.o)
                0x080005f0                __aeabi_ldiv0
                0x080005f0                __aeabi_idiv0
 *(.text*)
 .text.erase_bank
                0x080005f4       0x90 ./Core/Src/flash_control.o
                0x080005f4                erase_bank
 .text.store_flash_memory
                0x08000684       0x9c ./Core/Src/flash_control.o
                0x08000684                store_flash_memory
 .text.toggle_bank
                0x08000720       0x70 ./Core/Src/flash_control.o
                0x08000720                toggle_bank
 .text.ITM_SendChar
                0x08000790       0x4e ./Core/Src/main.o
 *fill*         0x080007de        0x2 
 .text.HAL_UARTEx_RxEventCallback
                0x080007e0       0x40 ./Core/Src/main.o
                0x080007e0                HAL_UARTEx_RxEventCallback
 .text.main     0x08000820       0x74 ./Core/Src/main.o
                0x08000820                main
 .text.SystemClock_Config
                0x08000894       0xb8 ./Core/Src/main.o
                0x08000894                SystemClock_Config
 .text.SystemPower_Config
                0x0800094c       0x1c ./Core/Src/main.o
 .text.MX_CRC_Init
                0x08000968       0x44 ./Core/Src/main.o
 .text.MX_GPDMA1_Init
                0x080009ac       0x50 ./Core/Src/main.o
 .text.MX_ICACHE_Init
                0x080009fc       0x26 ./Core/Src/main.o
 *fill*         0x08000a22        0x2 
 .text.MX_USART3_UART_Init
                0x08000a24       0x98 ./Core/Src/main.o
 .text.MX_GPIO_Init
                0x08000abc      0x578 ./Core/Src/main.o
 .text._write   0x08001034       0x38 ./Core/Src/main.o
                0x08001034                _write
 .text.Error_Handler
                0x0800106c        0xc ./Core/Src/main.o
                0x0800106c                Error_Handler
 .text.boot_verify_crc
                0x08001078       0x80 ./Core/Src/serial_port.o
                0x08001078                boot_verify_crc
 .text.get_inactive_bank_base
                0x080010f8       0x64 ./Core/Src/serial_port.o
 .text.update_firmware
                0x0800115c      0x138 ./Core/Src/serial_port.o
                0x0800115c                update_firmware
 .text.HAL_MspInit
                0x08001294       0x34 ./Core/Src/stm32u5xx_hal_msp.o
                0x08001294                HAL_MspInit
 .text.HAL_CRC_MspInit
                0x080012c8       0x44 ./Core/Src/stm32u5xx_hal_msp.o
                0x080012c8                HAL_CRC_MspInit
 .text.HAL_UART_MspInit
                0x0800130c      0x1fc ./Core/Src/stm32u5xx_hal_msp.o
                0x0800130c                HAL_UART_MspInit
 .text.NMI_Handler
                0x08001508        0x8 ./Core/Src/stm32u5xx_it.o
                0x08001508                NMI_Handler
 .text.HardFault_Handler
                0x08001510       0x3c ./Core/Src/stm32u5xx_it.o
                0x08001510                HardFault_Handler
 .text.MemManage_Handler
                0x0800154c        0x8 ./Core/Src/stm32u5xx_it.o
                0x0800154c                MemManage_Handler
 .text.BusFault_Handler
                0x08001554        0x8 ./Core/Src/stm32u5xx_it.o
                0x08001554                BusFault_Handler
 .text.UsageFault_Handler
                0x0800155c        0x8 ./Core/Src/stm32u5xx_it.o
                0x0800155c                UsageFault_Handler
 .text.SVC_Handler
                0x08001564        0xe ./Core/Src/stm32u5xx_it.o
                0x08001564                SVC_Handler
 .text.DebugMon_Handler
                0x08001572        0xe ./Core/Src/stm32u5xx_it.o
                0x08001572                DebugMon_Handler
 .text.PendSV_Handler
                0x08001580        0xe ./Core/Src/stm32u5xx_it.o
                0x08001580                PendSV_Handler
 .text.SysTick_Handler
                0x0800158e        0xc ./Core/Src/stm32u5xx_it.o
                0x0800158e                SysTick_Handler
 *fill*         0x0800159a        0x2 
 .text.USART3_IRQHandler
                0x0800159c       0x14 ./Core/Src/stm32u5xx_it.o
                0x0800159c                USART3_IRQHandler
 .text.GPDMA1_Channel10_IRQHandler
                0x080015b0       0x14 ./Core/Src/stm32u5xx_it.o
                0x080015b0                GPDMA1_Channel10_IRQHandler
 .text.GPDMA1_Channel11_IRQHandler
                0x080015c4       0x14 ./Core/Src/stm32u5xx_it.o
                0x080015c4                GPDMA1_Channel11_IRQHandler
 .text._read    0x080015d8       0x3a ./Core/Src/syscalls.o
                0x080015d8                _read
 .text._close   0x08001612       0x18 ./Core/Src/syscalls.o
                0x08001612                _close
 .text._fstat   0x0800162a       0x20 ./Core/Src/syscalls.o
                0x0800162a                _fstat
 .text._isatty  0x0800164a       0x16 ./Core/Src/syscalls.o
                0x0800164a                _isatty
 .text._lseek   0x08001660       0x1a ./Core/Src/syscalls.o
                0x08001660                _lseek
 *fill*         0x0800167a        0x2 
 .text._sbrk    0x0800167c       0x6c ./Core/Src/sysmem.o
                0x0800167c                _sbrk
 .text.SystemInit
                0x080016e8       0x70 ./Core/Src/system_stm32u5xx.o
                0x080016e8                SystemInit
 .text.Reset_Handler
                0x08001758       0x50 ./Core/Startup/startup_stm32u585aiixq.o
                0x08001758                Reset_Handler
 .text.Default_Handler
                0x080017a8        0x2 ./Core/Startup/startup_stm32u585aiixq.o
                0x080017a8                HASH_IRQHandler
                0x080017a8                TIM8_TRG_COM_IRQHandler
                0x080017a8                TIM8_CC_IRQHandler
                0x080017a8                EXTI5_IRQHandler
                0x080017a8                FLASH_S_IRQHandler
                0x080017a8                EXTI13_IRQHandler
                0x080017a8                TIM1_CC_IRQHandler
                0x080017a8                TSC_IRQHandler
                0x080017a8                TAMP_IRQHandler
                0x080017a8                TIM6_IRQHandler
                0x080017a8                EXTI12_IRQHandler
                0x080017a8                CORDIC_IRQHandler
                0x080017a8                EXTI3_IRQHandler
                0x080017a8                LPTIM4_IRQHandler
                0x080017a8                GPDMA1_Channel5_IRQHandler
                0x080017a8                EXTI8_IRQHandler
                0x080017a8                LPTIM2_IRQHandler
                0x080017a8                I2C3_ER_IRQHandler
                0x080017a8                PWR_S3WU_IRQHandler
                0x080017a8                MDF1_FLT2_IRQHandler
                0x080017a8                LPDMA1_Channel3_IRQHandler
                0x080017a8                LPTIM3_IRQHandler
                0x080017a8                EXTI0_IRQHandler
                0x080017a8                I2C2_EV_IRQHandler
                0x080017a8                FPU_IRQHandler
                0x080017a8                GPDMA1_Channel3_IRQHandler
                0x080017a8                GPDMA1_Channel7_IRQHandler
                0x080017a8                MDF1_FLT4_IRQHandler
                0x080017a8                FDCAN1_IT1_IRQHandler
                0x080017a8                RAMCFG_IRQHandler
                0x080017a8                GPDMA1_Channel9_IRQHandler
                0x080017a8                DCACHE1_IRQHandler
                0x080017a8                SPI1_IRQHandler
                0x080017a8                OCTOSPI1_IRQHandler
                0x080017a8                GPDMA1_Channel2_IRQHandler
                0x080017a8                TIM8_UP_IRQHandler
                0x080017a8                RCC_S_IRQHandler
                0x080017a8                OCTOSPI2_IRQHandler
                0x080017a8                SAI2_IRQHandler
                0x080017a8                MDF1_FLT1_IRQHandler
                0x080017a8                ADC1_IRQHandler
                0x080017a8                PKA_IRQHandler
                0x080017a8                MDF1_FLT5_IRQHandler
                0x080017a8                EXTI15_IRQHandler
                0x080017a8                TIM17_IRQHandler
                0x080017a8                RTC_IRQHandler
                0x080017a8                EXTI9_IRQHandler
                0x080017a8                UART5_IRQHandler
                0x080017a8                TIM4_IRQHandler
                0x080017a8                I2C1_EV_IRQHandler
                0x080017a8                GPDMA1_Channel12_IRQHandler
                0x080017a8                GPDMA1_Channel1_IRQHandler
                0x080017a8                TIM16_IRQHandler
                0x080017a8                GPDMA1_Channel15_IRQHandler
                0x080017a8                UART4_IRQHandler
                0x080017a8                SecureFault_Handler
                0x080017a8                TIM3_IRQHandler
                0x080017a8                RCC_IRQHandler
                0x080017a8                TIM1_TRG_COM_IRQHandler
                0x080017a8                Default_Handler
                0x080017a8                GPDMA1_Channel8_IRQHandler
                0x080017a8                FMAC_IRQHandler
                0x080017a8                OTFDEC1_IRQHandler
                0x080017a8                TIM7_IRQHandler
                0x080017a8                SDMMC1_IRQHandler
                0x080017a8                SAES_IRQHandler
                0x080017a8                TIM5_IRQHandler
                0x080017a8                UCPD1_IRQHandler
                0x080017a8                GPDMA1_Channel0_IRQHandler
                0x080017a8                TIM15_IRQHandler
                0x080017a8                I2C3_EV_IRQHandler
                0x080017a8                LPDMA1_Channel0_IRQHandler
                0x080017a8                PVD_PVM_IRQHandler
                0x080017a8                SPI2_IRQHandler
                0x080017a8                LPDMA1_Channel1_IRQHandler
                0x080017a8                EXTI14_IRQHandler
                0x080017a8                EXTI11_IRQHandler
                0x080017a8                OTFDEC2_IRQHandler
                0x080017a8                CRS_IRQHandler
                0x080017a8                GPDMA1_Channel14_IRQHandler
                0x080017a8                LSECSSD_IRQHandler
                0x080017a8                EXTI4_IRQHandler
                0x080017a8                RTC_S_IRQHandler
                0x080017a8                GPDMA1_Channel13_IRQHandler
                0x080017a8                RNG_IRQHandler
                0x080017a8                COMP_IRQHandler
                0x080017a8                TIM1_UP_IRQHandler
                0x080017a8                ADC4_IRQHandler
                0x080017a8                WWDG_IRQHandler
                0x080017a8                I2C4_EV_IRQHandler
                0x080017a8                ADF1_IRQHandler
                0x080017a8                IWDG_IRQHandler
                0x080017a8                LPUART1_IRQHandler
                0x080017a8                MDF1_FLT0_IRQHandler
                0x080017a8                FDCAN1_IT0_IRQHandler
                0x080017a8                TIM2_IRQHandler
                0x080017a8                GPDMA1_Channel4_IRQHandler
                0x080017a8                EXTI7_IRQHandler
                0x080017a8                DMA2D_IRQHandler
                0x080017a8                TIM1_BRK_IRQHandler
                0x080017a8                EXTI1_IRQHandler
                0x080017a8                SDMMC2_IRQHandler
                0x080017a8                AES_IRQHandler
                0x080017a8                DAC1_IRQHandler
                0x080017a8                GTZC_IRQHandler
                0x080017a8                MDF1_FLT3_IRQHandler
                0x080017a8                USART2_IRQHandler
                0x080017a8                GPDMA1_Channel6_IRQHandler
                0x080017a8                I2C2_ER_IRQHandler
                0x080017a8                TIM8_BRK_IRQHandler
                0x080017a8                FLASH_IRQHandler
                0x080017a8                USART1_IRQHandler
                0x080017a8                EXTI10_IRQHandler
                0x080017a8                OTG_FS_IRQHandler
                0x080017a8                SPI3_IRQHandler
                0x080017a8                LPDMA1_Channel2_IRQHandler
                0x080017a8                I2C1_ER_IRQHandler
                0x080017a8                FMC_IRQHandler
                0x080017a8                EXTI6_IRQHandler
                0x080017a8                LPTIM1_IRQHandler
                0x080017a8                DCMI_PSSI_IRQHandler
                0x080017a8                I2C4_ER_IRQHandler
                0x080017a8                ICACHE_IRQHandler
                0x080017a8                SAI1_IRQHandler
                0x080017a8                EXTI2_IRQHandler
 *fill*         0x080017aa        0x2 
 .text.HAL_Init
                0x080017ac       0x60 ./Drivers/STM32U5xx_HAL_Driver/Src/stm32u5xx_hal.o
                0x080017ac                HAL_Init
 .text.HAL_InitTick
                0x0800180c       0xec ./Drivers/STM32U5xx_HAL_Driver/Src/stm32u5xx_hal.o
                0x0800180c                HAL_InitTick
 .text.HAL_IncTick
                0x080018f8       0x28 ./Drivers/STM32U5xx_HAL_Driver/Src/stm32u5xx_hal.o
                0x080018f8                HAL_IncTick
 .text.HAL_GetTick
                0x08001920       0x18 ./Drivers/STM32U5xx_HAL_Driver/Src/stm32u5xx_hal.o
                0x08001920                HAL_GetTick
 .text.HAL_Delay
                0x08001938       0x48 ./Drivers/STM32U5xx_HAL_Driver/Src/stm32u5xx_hal.o
                0x08001938                HAL_Delay
 .text.__NVIC_SetPriorityGrouping
                0x08001980       0x48 ./Drivers/STM32U5xx_HAL_Driver/Src/stm32u5xx_hal_cortex.o
 .text.__NVIC_GetPriorityGrouping
                0x080019c8       0x1c ./Drivers/STM32U5xx_HAL_Driver/Src/stm32u5xx_hal_cortex.o
 .text.__NVIC_EnableIRQ
                0x080019e4       0x3c ./Drivers/STM32U5xx_HAL_Driver/Src/stm32u5xx_hal_cortex.o
 .text.__NVIC_SetPriority
                0x08001a20       0x54 ./Drivers/STM32U5xx_HAL_Driver/Src/stm32u5xx_hal_cortex.o
 .text.NVIC_EncodePriority
                0x08001a74       0x66 ./Drivers/STM32U5xx_HAL_Driver/Src/stm32u5xx_hal_cortex.o
 .text.HAL_NVIC_SetPriorityGrouping
                0x08001ada       0x16 ./Drivers/STM32U5xx_HAL_Driver/Src/stm32u5xx_hal_cortex.o
                0x08001ada                HAL_NVIC_SetPriorityGrouping
 .text.HAL_NVIC_SetPriority
                0x08001af0       0x34 ./Drivers/STM32U5xx_HAL_Driver/Src/stm32u5xx_hal_cortex.o
                0x08001af0                HAL_NVIC_SetPriority
 .text.HAL_NVIC_EnableIRQ
                0x08001b24       0x1c ./Drivers/STM32U5xx_HAL_Driver/Src/stm32u5xx_hal_cortex.o
                0x08001b24                HAL_NVIC_EnableIRQ
 .text.HAL_SYSTICK_Config
                0x08001b40       0x44 ./Drivers/STM32U5xx_HAL_Driver/Src/stm32u5xx_hal_cortex.o
                0x08001b40                HAL_SYSTICK_Config
 .text.HAL_SYSTICK_CLKSourceConfig
                0x08001b84       0xb0 ./Drivers/STM32U5xx_HAL_Driver/Src/stm32u5xx_hal_cortex.o
                0x08001b84                HAL_SYSTICK_CLKSourceConfig
 .text.HAL_SYSTICK_GetCLKSourceConfig
                0x08001c34       0x74 ./Drivers/STM32U5xx_HAL_Driver/Src/stm32u5xx_hal_cortex.o
                0x08001c34                HAL_SYSTICK_GetCLKSourceConfig
 .text.HAL_CRC_Init
                0x08001ca8       0xc8 ./Drivers/STM32U5xx_HAL_Driver/Src/stm32u5xx_hal_crc.o
                0x08001ca8                HAL_CRC_Init
 .text.HAL_CRC_Accumulate
                0x08001d70       0x88 ./Drivers/STM32U5xx_HAL_Driver/Src/stm32u5xx_hal_crc.o
                0x08001d70                HAL_CRC_Accumulate
 .text.CRC_Handle_8
                0x08001df8      0x120 ./Drivers/STM32U5xx_HAL_Driver/Src/stm32u5xx_hal_crc.o
 .text.CRC_Handle_16
                0x08001f18       0x74 ./Drivers/STM32U5xx_HAL_Driver/Src/stm32u5xx_hal_crc.o
 .text.HAL_CRCEx_Polynomial_Set
                0x08001f8c      0x11c ./Drivers/STM32U5xx_HAL_Driver/Src/stm32u5xx_hal_crc_ex.o
                0x08001f8c                HAL_CRCEx_Polynomial_Set
 .text.HAL_DMA_Init
                0x080020a8      0x258 ./Drivers/STM32U5xx_HAL_Driver/Src/stm32u5xx_hal_dma.o
                0x080020a8                HAL_DMA_Init
 .text.HAL_DMA_Start_IT
                0x08002300       0xc0 ./Drivers/STM32U5xx_HAL_Driver/Src/stm32u5xx_hal_dma.o
                0x08002300                HAL_DMA_Start_IT
 .text.HAL_DMA_Abort
                0x080023c0       0xf8 ./Drivers/STM32U5xx_HAL_Driver/Src/stm32u5xx_hal_dma.o
                0x080023c0                HAL_DMA_Abort
 .text.HAL_DMA_Abort_IT
                0x080024b8       0x52 ./Drivers/STM32U5xx_HAL_Driver/Src/stm32u5xx_hal_dma.o
                0x080024b8                HAL_DMA_Abort_IT
 .text.HAL_DMA_IRQHandler
                0x0800250a      0x2c2 ./Drivers/STM32U5xx_HAL_Driver/Src/stm32u5xx_hal_dma.o
                0x0800250a                HAL_DMA_IRQHandler
 .text.HAL_DMA_ConfigChannelAttributes
                0x080027cc       0x78 ./Drivers/STM32U5xx_HAL_Driver/Src/stm32u5xx_hal_dma.o
                0x080027cc                HAL_DMA_ConfigChannelAttributes
 .text.DMA_SetConfig
                0x08002844       0x4a ./Drivers/STM32U5xx_HAL_Driver/Src/stm32u5xx_hal_dma.o
 *fill*         0x0800288e        0x2 
 .text.DMA_Init
                0x08002890      0x500 ./Drivers/STM32U5xx_HAL_Driver/Src/stm32u5xx_hal_dma.o
 .text.HAL_DMAEx_List_Start_IT
                0x08002d90      0x128 ./Drivers/STM32U5xx_HAL_Driver/Src/stm32u5xx_hal_dma_ex.o
                0x08002d90                HAL_DMAEx_List_Start_IT
 .text.DMA_List_GetCLLRNodeInfo
                0x08002eb8       0x60 ./Drivers/STM32U5xx_HAL_Driver/Src/stm32u5xx_hal_dma_ex.o
 .text.HAL_FLASH_Program
                0x08002f18       0x94 ./Drivers/STM32U5xx_HAL_Driver/Src/stm32u5xx_hal_flash.o
                0x08002f18                HAL_FLASH_Program
 .text.HAL_FLASH_Unlock
                0x08002fac       0x44 ./Drivers/STM32U5xx_HAL_Driver/Src/stm32u5xx_hal_flash.o
                0x08002fac                HAL_FLASH_Unlock
 .text.HAL_FLASH_Lock
                0x08002ff0       0x34 ./Drivers/STM32U5xx_HAL_Driver/Src/stm32u5xx_hal_flash.o
                0x08002ff0                HAL_FLASH_Lock
 .text.HAL_FLASH_OB_Unlock
                0x08003024       0x44 ./Drivers/STM32U5xx_HAL_Driver/Src/stm32u5xx_hal_flash.o
                0x08003024                HAL_FLASH_OB_Unlock
 .text.HAL_FLASH_OB_Lock
                0x08003068       0x30 ./Drivers/STM32U5xx_HAL_Driver/Src/stm32u5xx_hal_flash.o
                0x08003068                HAL_FLASH_OB_Lock
 .text.HAL_FLASH_OB_Launch
                0x08003098       0x20 ./Drivers/STM32U5xx_HAL_Driver/Src/stm32u5xx_hal_flash.o
                0x08003098                HAL_FLASH_OB_Launch
 .text.FLASH_WaitForLastOperation
                0x080030b8       0x8c ./Drivers/STM32U5xx_HAL_Driver/Src/stm32u5xx_hal_flash.o
                0x080030b8                FLASH_WaitForLastOperation
 .text.FLASH_Program_QuadWord
                0x08003144       0x78 ./Drivers/STM32U5xx_HAL_Driver/Src/stm32u5xx_hal_flash.o
 .text.FLASH_Program_Burst
                0x080031bc       0x7c ./Drivers/STM32U5xx_HAL_Driver/Src/stm32u5xx_hal_flash.o
 .text.HAL_FLASHEx_Erase
                0x08003238       0xe0 ./Drivers/STM32U5xx_HAL_Driver/Src/stm32u5xx_hal_flash_ex.o
                0x08003238                HAL_FLASHEx_Erase
 .text.HAL_FLASHEx_OBProgram
                0x08003318       0xf0 ./Drivers/STM32U5xx_HAL_Driver/Src/stm32u5xx_hal_flash_ex.o
                0x08003318                HAL_FLASHEx_OBProgram
 .text.HAL_FLASHEx_OBGetConfig
                0x08003408       0x9a ./Drivers/STM32U5xx_HAL_Driver/Src/stm32u5xx_hal_flash_ex.o
                0x08003408                HAL_FLASHEx_OBGetConfig
 *fill*         0x080034a2        0x2 
 .text.FLASH_MassErase
                0x080034a4       0x4c ./Drivers/STM32U5xx_HAL_Driver/Src/stm32u5xx_hal_flash_ex.o
 .text.FLASH_PageErase
                0x080034f0       0x60 ./Drivers/STM32U5xx_HAL_Driver/Src/stm32u5xx_hal_flash_ex.o
                0x080034f0                FLASH_PageErase
 .text.FLASH_OB_WRPConfig
                0x08003550       0x8c ./Drivers/STM32U5xx_HAL_Driver/Src/stm32u5xx_hal_flash_ex.o
 .text.FLASH_OB_RDPConfig
                0x080035dc       0x28 ./Drivers/STM32U5xx_HAL_Driver/Src/stm32u5xx_hal_flash_ex.o
 .text.FLASH_OB_RDPKeyConfig
                0x08003604       0x3c ./Drivers/STM32U5xx_HAL_Driver/Src/stm32u5xx_hal_flash_ex.o
 .text.FLASH_OB_UserConfig
                0x08003640      0x2ac ./Drivers/STM32U5xx_HAL_Driver/Src/stm32u5xx_hal_flash_ex.o
 .text.FLASH_OB_BootAddrConfig
                0x080038ec       0x34 ./Drivers/STM32U5xx_HAL_Driver/Src/stm32u5xx_hal_flash_ex.o
 .text.FLASH_OB_GetWRP
                0x08003920       0xe4 ./Drivers/STM32U5xx_HAL_Driver/Src/stm32u5xx_hal_flash_ex.o
 .text.FLASH_OB_GetRDP
                0x08003a04       0x38 ./Drivers/STM32U5xx_HAL_Driver/Src/stm32u5xx_hal_flash_ex.o
 .text.FLASH_OB_GetUser
                0x08003a3c       0x28 ./Drivers/STM32U5xx_HAL_Driver/Src/stm32u5xx_hal_flash_ex.o
 .text.FLASH_OB_GetBootAddr
                0x08003a64       0x40 ./Drivers/STM32U5xx_HAL_Driver/Src/stm32u5xx_hal_flash_ex.o
 .text.HAL_GPIO_Init
                0x08003aa4      0x3b0 ./Drivers/STM32U5xx_HAL_Driver/Src/stm32u5xx_hal_gpio.o
                0x08003aa4                HAL_GPIO_Init
 .text.HAL_GPIO_WritePin
                0x08003e54       0x30 ./Drivers/STM32U5xx_HAL_Driver/Src/stm32u5xx_hal_gpio.o
                0x08003e54                HAL_GPIO_WritePin
 .text.HAL_ICACHE_ConfigAssociativityMode
                0x08003e84       0x40 ./Drivers/STM32U5xx_HAL_Driver/Src/stm32u5xx_hal_icache.o
                0x08003e84                HAL_ICACHE_ConfigAssociativityMode
 .text.HAL_ICACHE_Enable
                0x08003ec4       0x20 ./Drivers/STM32U5xx_HAL_Driver/Src/stm32u5xx_hal_icache.o
                0x08003ec4                HAL_ICACHE_Enable
 .text.HAL_PWREx_ControlVoltageScaling
                0x08003ee4       0xfc ./Drivers/STM32U5xx_HAL_Driver/Src/stm32u5xx_hal_pwr_ex.o
                0x08003ee4                HAL_PWREx_ControlVoltageScaling
 .text.HAL_PWREx_GetVoltageRange
                0x08003fe0       0x1c ./Drivers/STM32U5xx_HAL_Driver/Src/stm32u5xx_hal_pwr_ex.o
                0x08003fe0                HAL_PWREx_GetVoltageRange
 .text.HAL_PWREx_ConfigSupply
                0x08003ffc       0xa0 ./Drivers/STM32U5xx_HAL_Driver/Src/stm32u5xx_hal_pwr_ex.o
                0x08003ffc                HAL_PWREx_ConfigSupply
 .text.HAL_PWREx_EnableVddIO2
                0x0800409c       0x20 ./Drivers/STM32U5xx_HAL_Driver/Src/stm32u5xx_hal_pwr_ex.o
                0x0800409c                HAL_PWREx_EnableVddIO2
 .text.HAL_RCC_OscConfig
                0x080040bc      0xdb8 ./Drivers/STM32U5xx_HAL_Driver/Src/stm32u5xx_hal_rcc.o
                0x080040bc                HAL_RCC_OscConfig
 .text.HAL_RCC_ClockConfig
                0x08004e74      0x3e4 ./Drivers/STM32U5xx_HAL_Driver/Src/stm32u5xx_hal_rcc.o
                0x08004e74                HAL_RCC_ClockConfig
 .text.HAL_RCC_GetSysClockFreq
                0x08005258      0x204 ./Drivers/STM32U5xx_HAL_Driver/Src/stm32u5xx_hal_rcc.o
                0x08005258                HAL_RCC_GetSysClockFreq
 .text.HAL_RCC_GetHCLKFreq
                0x0800545c       0x34 ./Drivers/STM32U5xx_HAL_Driver/Src/stm32u5xx_hal_rcc.o
                0x0800545c                HAL_RCC_GetHCLKFreq
 .text.HAL_RCC_GetPCLK1Freq
                0x08005490       0x28 ./Drivers/STM32U5xx_HAL_Driver/Src/stm32u5xx_hal_rcc.o
                0x08005490                HAL_RCC_GetPCLK1Freq
 .text.HAL_RCC_GetPCLK2Freq
                0x080054b8       0x28 ./Drivers/STM32U5xx_HAL_Driver/Src/stm32u5xx_hal_rcc.o
                0x080054b8                HAL_RCC_GetPCLK2Freq
 .text.HAL_RCC_GetPCLK3Freq
                0x080054e0       0x28 ./Drivers/STM32U5xx_HAL_Driver/Src/stm32u5xx_hal_rcc.o
                0x080054e0                HAL_RCC_GetPCLK3Freq
 .text.RCC_SetFlashLatencyFromMSIRange
                0x08005508      0x10c ./Drivers/STM32U5xx_HAL_Driver/Src/stm32u5xx_hal_rcc.o
 .text.HAL_RCCEx_PeriphCLKConfig
                0x08005614      0xb80 ./Drivers/STM32U5xx_HAL_Driver/Src/stm32u5xx_hal_rcc_ex.o
                0x08005614                HAL_RCCEx_PeriphCLKConfig
 .text.HAL_RCCEx_GetPLL1ClockFreq
                0x08006194      0x2b4 ./Drivers/STM32U5xx_HAL_Driver/Src/stm32u5xx_hal_rcc_ex.o
                0x08006194                HAL_RCCEx_GetPLL1ClockFreq
 .text.HAL_RCCEx_GetPLL2ClockFreq
                0x08006448      0x2b4 ./Drivers/STM32U5xx_HAL_Driver/Src/stm32u5xx_hal_rcc_ex.o
                0x08006448                HAL_RCCEx_GetPLL2ClockFreq
 .text.HAL_RCCEx_GetPLL3ClockFreq
                0x080066fc      0x2b4 ./Drivers/STM32U5xx_HAL_Driver/Src/stm32u5xx_hal_rcc_ex.o
                0x080066fc                HAL_RCCEx_GetPLL3ClockFreq
 .text.HAL_RCCEx_GetPeriphCLKFreq
                0x080069b0     0x13c4 ./Drivers/STM32U5xx_HAL_Driver/Src/stm32u5xx_hal_rcc_ex.o
                0x080069b0                HAL_RCCEx_GetPeriphCLKFreq
 .text.RCCEx_PLL2_Config
                0x08007d74      0x130 ./Drivers/STM32U5xx_HAL_Driver/Src/stm32u5xx_hal_rcc_ex.o
 .text.RCCEx_PLL3_Config
                0x08007ea4      0x130 ./Drivers/STM32U5xx_HAL_Driver/Src/stm32u5xx_hal_rcc_ex.o
 .text.HAL_UART_Init
                0x08007fd4       0xa0 ./Drivers/STM32U5xx_HAL_Driver/Src/stm32u5xx_hal_uart.o
                0x08007fd4                HAL_UART_Init
 .text.HAL_UART_IRQHandler
                0x08008074      0x5b0 ./Drivers/STM32U5xx_HAL_Driver/Src/stm32u5xx_hal_uart.o
                0x08008074                HAL_UART_IRQHandler
 .text.HAL_UART_TxCpltCallback
                0x08008624       0x14 ./Drivers/STM32U5xx_HAL_Driver/Src/stm32u5xx_hal_uart.o
                0x08008624                HAL_UART_TxCpltCallback
 .text.HAL_UART_RxCpltCallback
                0x08008638       0x14 ./Drivers/STM32U5xx_HAL_Driver/Src/stm32u5xx_hal_uart.o
                0x08008638                HAL_UART_RxCpltCallback
 .text.HAL_UART_RxHalfCpltCallback
                0x0800864c       0x14 ./Drivers/STM32U5xx_HAL_Driver/Src/stm32u5xx_hal_uart.o
                0x0800864c                HAL_UART_RxHalfCpltCallback
 .text.HAL_UART_ErrorCallback
                0x08008660       0x14 ./Drivers/STM32U5xx_HAL_Driver/Src/stm32u5xx_hal_uart.o
                0x08008660                HAL_UART_ErrorCallback
 .text.UART_SetConfig
                0x08008674      0x344 ./Drivers/STM32U5xx_HAL_Driver/Src/stm32u5xx_hal_uart.o
                0x08008674                UART_SetConfig
 .text.UART_AdvFeatureConfig
                0x080089b8      0x144 ./Drivers/STM32U5xx_HAL_Driver/Src/stm32u5xx_hal_uart.o
                0x080089b8                UART_AdvFeatureConfig
 .text.UART_CheckIdleState
                0x08008afc      0x154 ./Drivers/STM32U5xx_HAL_Driver/Src/stm32u5xx_hal_uart.o
                0x08008afc                UART_CheckIdleState
 .text.UART_WaitOnFlagUntilTimeout
                0x08008c50       0xda ./Drivers/STM32U5xx_HAL_Driver/Src/stm32u5xx_hal_uart.o
                0x08008c50                UART_WaitOnFlagUntilTimeout
 *fill*         0x08008d2a        0x2 
 .text.UART_Start_Receive_DMA
                0x08008d2c      0x1f0 ./Drivers/STM32U5xx_HAL_Driver/Src/stm32u5xx_hal_uart.o
                0x08008d2c                UART_Start_Receive_DMA
 .text.UART_EndTxTransfer
                0x08008f1c       0x82 ./Drivers/STM32U5xx_HAL_Driver/Src/stm32u5xx_hal_uart.o
 .text.UART_EndRxTransfer
                0x08008f9e       0xcc ./Drivers/STM32U5xx_HAL_Driver/Src/stm32u5xx_hal_uart.o
 .text.UART_DMAReceiveCplt
                0x0800906a       0xf2 ./Drivers/STM32U5xx_HAL_Driver/Src/stm32u5xx_hal_uart.o
 .text.UART_DMARxHalfCplt
                0x0800915c       0x3e ./Drivers/STM32U5xx_HAL_Driver/Src/stm32u5xx_hal_uart.o
 .text.UART_DMAError
                0x0800919a       0x80 ./Drivers/STM32U5xx_HAL_Driver/Src/stm32u5xx_hal_uart.o
 .text.UART_DMAAbortOnError
                0x0800921a       0x24 ./Drivers/STM32U5xx_HAL_Driver/Src/stm32u5xx_hal_uart.o
 .text.UART_EndTransmit_IT
                0x0800923e       0x56 ./Drivers/STM32U5xx_HAL_Driver/Src/stm32u5xx_hal_uart.o
 .text.HAL_UARTEx_RxFifoFullCallback
                0x08009294       0x14 ./Drivers/STM32U5xx_HAL_Driver/Src/stm32u5xx_hal_uart_ex.o
                0x08009294                HAL_UARTEx_RxFifoFullCallback
 .text.HAL_UARTEx_TxFifoEmptyCallback
                0x080092a8       0x14 ./Drivers/STM32U5xx_HAL_Driver/Src/stm32u5xx_hal_uart_ex.o
                0x080092a8                HAL_UARTEx_TxFifoEmptyCallback
 .text.HAL_UARTEx_DisableFifoMode
                0x080092bc       0x72 ./Drivers/STM32U5xx_HAL_Driver/Src/stm32u5xx_hal_uart_ex.o
                0x080092bc                HAL_UARTEx_DisableFifoMode
 .text.HAL_UARTEx_SetTxFifoThreshold
                0x0800932e       0x7c ./Drivers/STM32U5xx_HAL_Driver/Src/stm32u5xx_hal_uart_ex.o
                0x0800932e                HAL_UARTEx_SetTxFifoThreshold
 .text.HAL_UARTEx_SetRxFifoThreshold
                0x080093aa       0x7c ./Drivers/STM32U5xx_HAL_Driver/Src/stm32u5xx_hal_uart_ex.o
                0x080093aa                HAL_UARTEx_SetRxFifoThreshold
 .text.HAL_UARTEx_ReceiveToIdle_DMA
                0x08009426       0xa8 ./Drivers/STM32U5xx_HAL_Driver/Src/stm32u5xx_hal_uart_ex.o
                0x08009426                HAL_UARTEx_ReceiveToIdle_DMA
 *fill*         0x080094ce        0x2 
 .text.UARTEx_SetNbDataToProcess
                0x080094d0       0x9c ./Drivers/STM32U5xx_HAL_Driver/Src/stm32u5xx_hal_uart_ex.o
 .text.std      0x0800956c       0x6c /Applications/STM32CubeIDE.app/Contents/Eclipse/plugins/com.st.stm32cube.ide.mcu.externaltools.gnu-tools-for-stm32.13.3.rel1.macos64_1.0.0.202411102158/tools/bin/../lib/gcc/arm-none-eabi/13.3.1/../../../../arm-none-eabi/lib/thumb/v8-m.main+fp/hard/libc_nano.a(libc_a-findfp.o)
 .text.stdio_exit_handler
                0x080095d8       0x18 /Applications/STM32CubeIDE.app/Contents/Eclipse/plugins/com.st.stm32cube.ide.mcu.externaltools.gnu-tools-for-stm32.13.3.rel1.macos64_1.0.0.202411102158/tools/bin/../lib/gcc/arm-none-eabi/13.3.1/../../../../arm-none-eabi/lib/thumb/v8-m.main+fp/hard/libc_nano.a(libc_a-findfp.o)
 .text.cleanup_stdio
                0x080095f0       0x40 /Applications/STM32CubeIDE.app/Contents/Eclipse/plugins/com.st.stm32cube.ide.mcu.externaltools.gnu-tools-for-stm32.13.3.rel1.macos64_1.0.0.202411102158/tools/bin/../lib/gcc/arm-none-eabi/13.3.1/../../../../arm-none-eabi/lib/thumb/v8-m.main+fp/hard/libc_nano.a(libc_a-findfp.o)
 .text.global_stdio_init.part.0
                0x08009630       0x3c /Applications/STM32CubeIDE.app/Contents/Eclipse/plugins/com.st.stm32cube.ide.mcu.externaltools.gnu-tools-for-stm32.13.3.rel1.macos64_1.0.0.202411102158/tools/bin/../lib/gcc/arm-none-eabi/13.3.1/../../../../arm-none-eabi/lib/thumb/v8-m.main+fp/hard/libc_nano.a(libc_a-findfp.o)
 .text.__sfp_lock_acquire
                0x0800966c        0xc /Applications/STM32CubeIDE.app/Contents/Eclipse/plugins/com.st.stm32cube.ide.mcu.externaltools.gnu-tools-for-stm32.13.3.rel1.macos64_1.0.0.202411102158/tools/bin/../lib/gcc/arm-none-eabi/13.3.1/../../../../arm-none-eabi/lib/thumb/v8-m.main+fp/hard/libc_nano.a(libc_a-findfp.o)
                0x0800966c                __sfp_lock_acquire
 .text.__sfp_lock_release
                0x08009678        0xc /Applications/STM32CubeIDE.app/Contents/Eclipse/plugins/com.st.stm32cube.ide.mcu.externaltools.gnu-tools-for-stm32.13.3.rel1.macos64_1.0.0.202411102158/tools/bin/../lib/gcc/arm-none-eabi/13.3.1/../../../../arm-none-eabi/lib/thumb/v8-m.main+fp/hard/libc_nano.a(libc_a-findfp.o)
                0x08009678                __sfp_lock_release
 .text.__sinit  0x08009684       0x30 /Applications/STM32CubeIDE.app/Contents/Eclipse/plugins/com.st.stm32cube.ide.mcu.externaltools.gnu-tools-for-stm32.13.3.rel1.macos64_1.0.0.202411102158/tools/bin/../lib/gcc/arm-none-eabi/13.3.1/../../../../arm-none-eabi/lib/thumb/v8-m.main+fp/hard/libc_nano.a(libc_a-findfp.o)
                0x08009684                __sinit
 .text._fwalk_sglue
                0x080096b4       0x3c /Applications/STM32CubeIDE.app/Contents/Eclipse/plugins/com.st.stm32cube.ide.mcu.externaltools.gnu-tools-for-stm32.13.3.rel1.macos64_1.0.0.202411102158/tools/bin/../lib/gcc/arm-none-eabi/13.3.1/../../../../arm-none-eabi/lib/thumb/v8-m.main+fp/hard/libc_nano.a(libc_a-fwalk.o)
                0x080096b4                _fwalk_sglue
 .text.printf   0x080096f0       0x24 /Applications/STM32CubeIDE.app/Contents/Eclipse/plugins/com.st.stm32cube.ide.mcu.externaltools.gnu-tools-for-stm32.13.3.rel1.macos64_1.0.0.202411102158/tools/bin/../lib/gcc/arm-none-eabi/13.3.1/../../../../arm-none-eabi/lib/thumb/v8-m.main+fp/hard/libc_nano.a(libc_a-printf.o)
                0x080096f0                printf
                0x080096f0                iprintf
 .text._puts_r  0x08009714       0xaa /Applications/STM32CubeIDE.app/Contents/Eclipse/plugins/com.st.stm32cube.ide.mcu.externaltools.gnu-tools-for-stm32.13.3.rel1.macos64_1.0.0.202411102158/tools/bin/../lib/gcc/arm-none-eabi/13.3.1/../../../../arm-none-eabi/lib/thumb/v8-m.main+fp/hard/libc_nano.a(libc_a-puts.o)
                0x08009714                _puts_r
 *fill*         0x080097be        0x2 
 .text.puts     0x080097c0       0x10 /Applications/STM32CubeIDE.app/Contents/Eclipse/plugins/com.st.stm32cube.ide.mcu.externaltools.gnu-tools-for-stm32.13.3.rel1.macos64_1.0.0.202411102158/tools/bin/../lib/gcc/arm-none-eabi/13.3.1/../../../../arm-none-eabi/lib/thumb/v8-m.main+fp/hard/libc_nano.a(libc_a-puts.o)
                0x080097c0                puts
 .text.memset   0x080097d0       0x10 /Applications/STM32CubeIDE.app/Contents/Eclipse/plugins/com.st.stm32cube.ide.mcu.externaltools.gnu-tools-for-stm32.13.3.rel1.macos64_1.0.0.202411102158/tools/bin/../lib/gcc/arm-none-eabi/13.3.1/../../../../arm-none-eabi/lib/thumb/v8-m.main+fp/hard/libc_nano.a(libc_a-memset.o)
                0x080097d0                memset
 .text.__errno  0x080097e0        0xc /Applications/STM32CubeIDE.app/Contents/Eclipse/plugins/com.st.stm32cube.ide.mcu.externaltools.gnu-tools-for-stm32.13.3.rel1.macos64_1.0.0.202411102158/tools/bin/../lib/gcc/arm-none-eabi/13.3.1/../../../../arm-none-eabi/lib/thumb/v8-m.main+fp/hard/libc_nano.a(libc_a-errno.o)
                0x080097e0                __errno
 .text.__libc_init_array
                0x080097ec       0x48 /Applications/STM32CubeIDE.app/Contents/Eclipse/plugins/com.st.stm32cube.ide.mcu.externaltools.gnu-tools-for-stm32.13.3.rel1.macos64_1.0.0.202411102158/tools/bin/../lib/gcc/arm-none-eabi/13.3.1/../../../../arm-none-eabi/lib/thumb/v8-m.main+fp/hard/libc_nano.a(libc_a-init.o)
                0x080097ec                __libc_init_array
 .text.__retarget_lock_init_recursive
                0x08009834        0x2 /Applications/STM32CubeIDE.app/Contents/Eclipse/plugins/com.st.stm32cube.ide.mcu.externaltools.gnu-tools-for-stm32.13.3.rel1.macos64_1.0.0.202411102158/tools/bin/../lib/gcc/arm-none-eabi/13.3.1/../../../../arm-none-eabi/lib/thumb/v8-m.main+fp/hard/libc_nano.a(libc_a-lock.o)
                0x08009834                __retarget_lock_init_recursive
 .text.__retarget_lock_acquire_recursive
                0x08009836        0x2 /Applications/STM32CubeIDE.app/Contents/Eclipse/plugins/com.st.stm32cube.ide.mcu.externaltools.gnu-tools-for-stm32.13.3.rel1.macos64_1.0.0.202411102158/tools/bin/../lib/gcc/arm-none-eabi/13.3.1/../../../../arm-none-eabi/lib/thumb/v8-m.main+fp/hard/libc_nano.a(libc_a-lock.o)
                0x08009836                __retarget_lock_acquire_recursive
 .text.__retarget_lock_release_recursive
                0x08009838        0x2 /Applications/STM32CubeIDE.app/Contents/Eclipse/plugins/com.st.stm32cube.ide.mcu.externaltools.gnu-tools-for-stm32.13.3.rel1.macos64_1.0.0.202411102158/tools/bin/../lib/gcc/arm-none-eabi/13.3.1/../../../../arm-none-eabi/lib/thumb/v8-m.main+fp/hard/libc_nano.a(libc_a-lock.o)
                0x08009838                __retarget_lock_release_recursive
 .text.memcpy   0x0800983a       0x1a /Applications/STM32CubeIDE.app/Contents/Eclipse/plugins/com.st.stm32cube.ide.mcu.externaltools.gnu-tools-for-stm32.13.3.rel1.macos64_1.0.0.202411102158/tools/bin/../lib/gcc/arm-none-eabi/13.3.1/../../../../arm-none-eabi/lib/thumb/v8-m.main+fp/hard/libc_nano.a(libc_a-memcpy-stub.o)
                0x0800983a                memcpy
 .text.__sfputc_r
                0x08009854       0x2e /Applications/STM32CubeIDE.app/Contents/Eclipse/plugins/com.st.stm32cube.ide.mcu.externaltools.gnu-tools-for-stm32.13.3.rel1.macos64_1.0.0.202411102158/tools/bin/../lib/gcc/arm-none-eabi/13.3.1/../../../../arm-none-eabi/lib/thumb/v8-m.main+fp/hard/libc_nano.a(libc_a-nano-vfprintf.o)
 .text.__sfputs_r
                0x08009882       0x24 /Applications/STM32CubeIDE.app/Contents/Eclipse/plugins/com.st.stm32cube.ide.mcu.externaltools.gnu-tools-for-stm32.13.3.rel1.macos64_1.0.0.202411102158/tools/bin/../lib/gcc/arm-none-eabi/13.3.1/../../../../arm-none-eabi/lib/thumb/v8-m.main+fp/hard/libc_nano.a(libc_a-nano-vfprintf.o)
                0x08009882                __sfputs_r
 *fill*         0x080098a6        0x2 
 .text._vfprintf_r
                0x080098a8      0x230 /Applications/STM32CubeIDE.app/Contents/Eclipse/plugins/com.st.stm32cube.ide.mcu.externaltools.gnu-tools-for-stm32.13.3.rel1.macos64_1.0.0.202411102158/tools/bin/../lib/gcc/arm-none-eabi/13.3.1/../../../../arm-none-eabi/lib/thumb/v8-m.main+fp/hard/libc_nano.a(libc_a-nano-vfprintf.o)
                0x080098a8                _vfiprintf_r
                0x080098a8                _vfprintf_r
 .text.sbrk_aligned
                0x08009ad8       0x44 /Applications/STM32CubeIDE.app/Contents/Eclipse/plugins/com.st.stm32cube.ide.mcu.externaltools.gnu-tools-for-stm32.13.3.rel1.macos64_1.0.0.202411102158/tools/bin/../lib/gcc/arm-none-eabi/13.3.1/../../../../arm-none-eabi/lib/thumb/v8-m.main+fp/hard/libc_nano.a(libc_a-mallocr.o)
 .text._malloc_r
                0x08009b1c      0x100 /Applications/STM32CubeIDE.app/Contents/Eclipse/plugins/com.st.stm32cube.ide.mcu.externaltools.gnu-tools-for-stm32.13.3.rel1.macos64_1.0.0.202411102158/tools/bin/../lib/gcc/arm-none-eabi/13.3.1/../../../../arm-none-eabi/lib/thumb/v8-m.main+fp/hard/libc_nano.a(libc_a-mallocr.o)
                0x08009b1c                _malloc_r
 .text._printf_common
                0x08009c1c       0xe4 /Applications/STM32CubeIDE.app/Contents/Eclipse/plugins/com.st.stm32cube.ide.mcu.externaltools.gnu-tools-for-stm32.13.3.rel1.macos64_1.0.0.202411102158/tools/bin/../lib/gcc/arm-none-eabi/13.3.1/../../../../arm-none-eabi/lib/thumb/v8-m.main+fp/hard/libc_nano.a(libc_a-nano-vfprintf_i.o)
                0x08009c1c                _printf_common
 .text._printf_i
                0x08009d00      0x23c /Applications/STM32CubeIDE.app/Contents/Eclipse/plugins/com.st.stm32cube.ide.mcu.externaltools.gnu-tools-for-stm32.13.3.rel1.macos64_1.0.0.202411102158/tools/bin/../lib/gcc/arm-none-eabi/13.3.1/../../../../arm-none-eabi/lib/thumb/v8-m.main+fp/hard/libc_nano.a(libc_a-nano-vfprintf_i.o)
                0x08009d00                _printf_i
 .text.__sflush_r
                0x08009f3c      0x108 /Applications/STM32CubeIDE.app/Contents/Eclipse/plugins/com.st.stm32cube.ide.mcu.externaltools.gnu-tools-for-stm32.13.3.rel1.macos64_1.0.0.202411102158/tools/bin/../lib/gcc/arm-none-eabi/13.3.1/../../../../arm-none-eabi/lib/thumb/v8-m.main+fp/hard/libc_nano.a(libc_a-fflush.o)
                0x08009f3c                __sflush_r
 .text._fflush_r
                0x0800a044       0x50 /Applications/STM32CubeIDE.app/Contents/Eclipse/plugins/com.st.stm32cube.ide.mcu.externaltools.gnu-tools-for-stm32.13.3.rel1.macos64_1.0.0.202411102158/tools/bin/../lib/gcc/arm-none-eabi/13.3.1/../../../../arm-none-eabi/lib/thumb/v8-m.main+fp/hard/libc_nano.a(libc_a-fflush.o)
                0x0800a044                _fflush_r
 .text.__malloc_lock
                0x0800a094        0xc /Applications/STM32CubeIDE.app/Contents/Eclipse/plugins/com.st.stm32cube.ide.mcu.externaltools.gnu-tools-for-stm32.13.3.rel1.macos64_1.0.0.202411102158/tools/bin/../lib/gcc/arm-none-eabi/13.3.1/../../../../arm-none-eabi/lib/thumb/v8-m.main+fp/hard/libc_nano.a(libc_a-mlock.o)
                0x0800a094                __malloc_lock
 .text.__malloc_unlock
                0x0800a0a0        0xc /Applications/STM32CubeIDE.app/Contents/Eclipse/plugins/com.st.stm32cube.ide.mcu.externaltools.gnu-tools-for-stm32.13.3.rel1.macos64_1.0.0.202411102158/tools/bin/../lib/gcc/arm-none-eabi/13.3.1/../../../../arm-none-eabi/lib/thumb/v8-m.main+fp/hard/libc_nano.a(libc_a-mlock.o)
                0x0800a0a0                __malloc_unlock
 .text.__sread  0x0800a0ac       0x22 /Applications/STM32CubeIDE.app/Contents/Eclipse/plugins/com.st.stm32cube.ide.mcu.externaltools.gnu-tools-for-stm32.13.3.rel1.macos64_1.0.0.202411102158/tools/bin/../lib/gcc/arm-none-eabi/13.3.1/../../../../arm-none-eabi/lib/thumb/v8-m.main+fp/hard/libc_nano.a(libc_a-stdio.o)
                0x0800a0ac                __sread
 .text.__swrite
                0x0800a0ce       0x38 /Applications/STM32CubeIDE.app/Contents/Eclipse/plugins/com.st.stm32cube.ide.mcu.externaltools.gnu-tools-for-stm32.13.3.rel1.macos64_1.0.0.202411102158/tools/bin/../lib/gcc/arm-none-eabi/13.3.1/../../../../arm-none-eabi/lib/thumb/v8-m.main+fp/hard/libc_nano.a(libc_a-stdio.o)
                0x0800a0ce                __swrite
 .text.__sseek  0x0800a106       0x24 /Applications/STM32CubeIDE.app/Contents/Eclipse/plugins/com.st.stm32cube.ide.mcu.externaltools.gnu-tools-for-stm32.13.3.rel1.macos64_1.0.0.202411102158/tools/bin/../lib/gcc/arm-none-eabi/13.3.1/../../../../arm-none-eabi/lib/thumb/v8-m.main+fp/hard/libc_nano.a(libc_a-stdio.o)
                0x0800a106                __sseek
 .text.__sclose
                0x0800a12a        0x8 /Applications/STM32CubeIDE.app/Contents/Eclipse/plugins/com.st.stm32cube.ide.mcu.externaltools.gnu-tools-for-stm32.13.3.rel1.macos64_1.0.0.202411102158/tools/bin/../lib/gcc/arm-none-eabi/13.3.1/../../../../arm-none-eabi/lib/thumb/v8-m.main+fp/hard/libc_nano.a(libc_a-stdio.o)
                0x0800a12a                __sclose
 .text.__swbuf_r
                0x0800a132       0x7c /Applications/STM32CubeIDE.app/Contents/Eclipse/plugins/com.st.stm32cube.ide.mcu.externaltools.gnu-tools-for-stm32.13.3.rel1.macos64_1.0.0.202411102158/tools/bin/../lib/gcc/arm-none-eabi/13.3.1/../../../../arm-none-eabi/lib/thumb/v8-m.main+fp/hard/libc_nano.a(libc_a-wbuf.o)
                0x0800a132                __swbuf_r
 *fill*         0x0800a1ae        0x2 
 .text.__swsetup_r
                0x0800a1b0       0xac /Applications/STM32CubeIDE.app/Contents/Eclipse/plugins/com.st.stm32cube.ide.mcu.externaltools.gnu-tools-for-stm32.13.3.rel1.macos64_1.0.0.202411102158/tools/bin/../lib/gcc/arm-none-eabi/13.3.1/../../../../arm-none-eabi/lib/thumb/v8-m.main+fp/hard/libc_nano.a(libc_a-wsetup.o)
                0x0800a1b0                __swsetup_r
 .text.__swhatbuf_r
                0x0800a25c       0x4a /Applications/STM32CubeIDE.app/Contents/Eclipse/plugins/com.st.stm32cube.ide.mcu.externaltools.gnu-tools-for-stm32.13.3.rel1.macos64_1.0.0.202411102158/tools/bin/../lib/gcc/arm-none-eabi/13.3.1/../../../../arm-none-eabi/lib/thumb/v8-m.main+fp/hard/libc_nano.a(libc_a-makebuf.o)
                0x0800a25c                __swhatbuf_r
 .text.__smakebuf_r
                0x0800a2a6       0x78 /Applications/STM32CubeIDE.app/Contents/Eclipse/plugins/com.st.stm32cube.ide.mcu.externaltools.gnu-tools-for-stm32.13.3.rel1.macos64_1.0.0.202411102158/tools/bin/../lib/gcc/arm-none-eabi/13.3.1/../../../../arm-none-eabi/lib/thumb/v8-m.main+fp/hard/libc_nano.a(libc_a-makebuf.o)
                0x0800a2a6                __smakebuf_r
 *fill*         0x0800a31e        0x2 
 .text._isatty_r
                0x0800a320       0x20 /Applications/STM32CubeIDE.app/Contents/Eclipse/plugins/com.st.stm32cube.ide.mcu.externaltools.gnu-tools-for-stm32.13.3.rel1.macos64_1.0.0.202411102158/tools/bin/../lib/gcc/arm-none-eabi/13.3.1/../../../../arm-none-eabi/lib/thumb/v8-m.main+fp/hard/libc_nano.a(libc_a-isattyr.o)
                0x0800a320                _isatty_r
 .text._lseek_r
                0x0800a340       0x24 /Applications/STM32CubeIDE.app/Contents/Eclipse/plugins/com.st.stm32cube.ide.mcu.externaltools.gnu-tools-for-stm32.13.3.rel1.macos64_1.0.0.202411102158/tools/bin/../lib/gcc/arm-none-eabi/13.3.1/../../../../arm-none-eabi/lib/thumb/v8-m.main+fp/hard/libc_nano.a(libc_a-lseekr.o)
                0x0800a340                _lseek_r
 .text._read_r  0x0800a364       0x24 /Applications/STM32CubeIDE.app/Contents/Eclipse/plugins/com.st.stm32cube.ide.mcu.externaltools.gnu-tools-for-stm32.13.3.rel1.macos64_1.0.0.202411102158/tools/bin/../lib/gcc/arm-none-eabi/13.3.1/../../../../arm-none-eabi/lib/thumb/v8-m.main+fp/hard/libc_nano.a(libc_a-readr.o)
                0x0800a364                _read_r
 .text._sbrk_r  0x0800a388       0x20 /Applications/STM32CubeIDE.app/Contents/Eclipse/plugins/com.st.stm32cube.ide.mcu.externaltools.gnu-tools-for-stm32.13.3.rel1.macos64_1.0.0.202411102158/tools/bin/../lib/gcc/arm-none-eabi/13.3.1/../../../../arm-none-eabi/lib/thumb/v8-m.main+fp/hard/libc_nano.a(libc_a-sbrkr.o)
                0x0800a388                _sbrk_r
 .text._write_r
                0x0800a3a8       0x24 /Applications/STM32CubeIDE.app/Contents/Eclipse/plugins/com.st.stm32cube.ide.mcu.externaltools.gnu-tools-for-stm32.13.3.rel1.macos64_1.0.0.202411102158/tools/bin/../lib/gcc/arm-none-eabi/13.3.1/../../../../arm-none-eabi/lib/thumb/v8-m.main+fp/hard/libc_nano.a(libc_a-writer.o)
                0x0800a3a8                _write_r
 .text._close_r
                0x0800a3cc       0x20 /Applications/STM32CubeIDE.app/Contents/Eclipse/plugins/com.st.stm32cube.ide.mcu.externaltools.gnu-tools-for-stm32.13.3.rel1.macos64_1.0.0.202411102158/tools/bin/../lib/gcc/arm-none-eabi/13.3.1/../../../../arm-none-eabi/lib/thumb/v8-m.main+fp/hard/libc_nano.a(libc_a-closer.o)
                0x0800a3cc                _close_r
 .text._fstat_r
                0x0800a3ec       0x24 /Applications/STM32CubeIDE.app/Contents/Eclipse/plugins/com.st.stm32cube.ide.mcu.externaltools.gnu-tools-for-stm32.13.3.rel1.macos64_1.0.0.202411102158/tools/bin/../lib/gcc/arm-none-eabi/13.3.1/../../../../arm-none-eabi/lib/thumb/v8-m.main+fp/hard/libc_nano.a(libc_a-fstatr.o)
                0x0800a3ec                _fstat_r
 .text.memchr   0x0800a410       0x1c /Applications/STM32CubeIDE.app/Contents/Eclipse/plugins/com.st.stm32cube.ide.mcu.externaltools.gnu-tools-for-stm32.13.3.rel1.macos64_1.0.0.202411102158/tools/bin/../lib/gcc/arm-none-eabi/13.3.1/../../../../arm-none-eabi/lib/thumb/v8-m.main+fp/hard/libc_nano.a(libc_a-memchr-stub.o)
                0x0800a410                memchr
 .text._free_r  0x0800a42c       0x94 /Applications/STM32CubeIDE.app/Contents/Eclipse/plugins/com.st.stm32cube.ide.mcu.externaltools.gnu-tools-for-stm32.13.3.rel1.macos64_1.0.0.202411102158/tools/bin/../lib/gcc/arm-none-eabi/13.3.1/../../../../arm-none-eabi/lib/thumb/v8-m.main+fp/hard/libc_nano.a(libc_a-freer.o)
                0x0800a42c                _free_r
 *(.glue_7)
 .glue_7        0x0800a4c0        0x0 linker stubs
 *(.glue_7t)
 .glue_7t       0x0800a4c0        0x0 linker stubs
 *(.eh_frame)
 .eh_frame      0x0800a4c0        0x0 /Applications/STM32CubeIDE.app/Contents/Eclipse/plugins/com.st.stm32cube.ide.mcu.externaltools.gnu-tools-for-stm32.13.3.rel1.macos64_1.0.0.202411102158/tools/bin/../lib/gcc/arm-none-eabi/13.3.1/thumb/v8-m.main+fp/hard/crtbegin.o
 *(.init)
 .init          0x0800a4c0        0x4 /Applications/STM32CubeIDE.app/Contents/Eclipse/plugins/com.st.stm32cube.ide.mcu.externaltools.gnu-tools-for-stm32.13.3.rel1.macos64_1.0.0.202411102158/tools/bin/../lib/gcc/arm-none-eabi/13.3.1/thumb/v8-m.main+fp/hard/crti.o
                0x0800a4c0                _init
 .init          0x0800a4c4        0x8 /Applications/STM32CubeIDE.app/Contents/Eclipse/plugins/com.st.stm32cube.ide.mcu.externaltools.gnu-tools-for-stm32.13.3.rel1.macos64_1.0.0.202411102158/tools/bin/../lib/gcc/arm-none-eabi/13.3.1/thumb/v8-m.main+fp/hard/crtn.o
 *(.fini)
 .fini          0x0800a4cc        0x4 /Applications/STM32CubeIDE.app/Contents/Eclipse/plugins/com.st.stm32cube.ide.mcu.externaltools.gnu-tools-for-stm32.13.3.rel1.macos64_1.0.0.202411102158/tools/bin/../lib/gcc/arm-none-eabi/13.3.1/thumb/v8-m.main+fp/hard/crti.o
                0x0800a4cc                _fini
 .fini          0x0800a4d0        0x8 /Applications/STM32CubeIDE.app/Contents/Eclipse/plugins/com.st.stm32cube.ide.mcu.externaltools.gnu-tools-for-stm32.13.3.rel1.macos64_1.0.0.202411102158/tools/bin/../lib/gcc/arm-none-eabi/13.3.1/thumb/v8-m.main+fp/hard/crtn.o
                0x0800a4d8                        _etext = .

.vfp11_veneer   0x0800a4d8        0x0
 .vfp11_veneer  0x0800a4d8        0x0 linker stubs

.v4_bx          0x0800a4d8        0x0
 .v4_bx         0x0800a4d8        0x0 linker stubs

.iplt           0x0800a4d8        0x0
 .iplt          0x0800a4d8        0x0 /Applications/STM32CubeIDE.app/Contents/Eclipse/plugins/com.st.stm32cube.ide.mcu.externaltools.gnu-tools-for-stm32.13.3.rel1.macos64_1.0.0.202411102158/tools/bin/../lib/gcc/arm-none-eabi/13.3.1/thumb/v8-m.main+fp/hard/crtbegin.o

.rodata         0x0800a4d8      0x1e7
 *(.rodata)
 .rodata        0x0800a4d8       0x6d ./Core/Src/serial_port.o
 *fill*         0x0800a545        0x3 
 .rodata        0x0800a548       0x43 ./Core/Src/stm32u5xx_it.o
 *(.rodata*)
 *fill*         0x0800a58b        0x1 
 .rodata.AHBPrescTable
                0x0800a58c       0x10 ./Core/Src/system_stm32u5xx.o
                0x0800a58c                AHBPrescTable
 .rodata.APBPrescTable
                0x0800a59c        0x8 ./Core/Src/system_stm32u5xx.o
                0x0800a59c                APBPrescTable
 .rodata.MSIRangeTable
                0x0800a5a4       0x40 ./Core/Src/system_stm32u5xx.o
                0x0800a5a4                MSIRangeTable
 .rodata.LPGPIO_Map
                0x0800a5e4       0x80 ./Drivers/STM32U5xx_HAL_Driver/Src/stm32u5xx_hal_gpio.o
 .rodata.UARTPrescTable
                0x0800a664       0x18 ./Drivers/STM32U5xx_HAL_Driver/Src/stm32u5xx_hal_uart.o
                0x0800a664                UARTPrescTable
 .rodata.numerator.1
                0x0800a67c        0x8 ./Drivers/STM32U5xx_HAL_Driver/Src/stm32u5xx_hal_uart_ex.o
 .rodata.denominator.0
                0x0800a684        0x8 ./Drivers/STM32U5xx_HAL_Driver/Src/stm32u5xx_hal_uart_ex.o
 .rodata._vfprintf_r.str1.1
                0x0800a68c       0x33 /Applications/STM32CubeIDE.app/Contents/Eclipse/plugins/com.st.stm32cube.ide.mcu.externaltools.gnu-tools-for-stm32.13.3.rel1.macos64_1.0.0.202411102158/tools/bin/../lib/gcc/arm-none-eabi/13.3.1/../../../../arm-none-eabi/lib/thumb/v8-m.main+fp/hard/libc_nano.a(libc_a-nano-vfprintf.o)
                                 0x11 (size before relaxing)
 .rodata._printf_i.str1.1
                0x0800a6bf       0x22 /Applications/STM32CubeIDE.app/Contents/Eclipse/plugins/com.st.stm32cube.ide.mcu.externaltools.gnu-tools-for-stm32.13.3.rel1.macos64_1.0.0.202411102158/tools/bin/../lib/gcc/arm-none-eabi/13.3.1/../../../../arm-none-eabi/lib/thumb/v8-m.main+fp/hard/libc_nano.a(libc_a-nano-vfprintf_i.o)

.ARM.extab
 *(.ARM.extab* .gnu.linkonce.armextab.*)

.ARM            0x0800a6c0        0x8
                0x0800a6c0                        __exidx_start = .
 *(.ARM.exidx*)
 .ARM.exidx     0x0800a6c0        0x8 /Applications/STM32CubeIDE.app/Contents/Eclipse/plugins/com.st.stm32cube.ide.mcu.externaltools.gnu-tools-for-stm32.13.3.rel1.macos64_1.0.0.202411102158/tools/bin/../lib/gcc/arm-none-eabi/13.3.1/thumb/v8-m.main+fp/hard/libgcc.a(_udivmoddi4.o)
                0x0800a6c8                        __exidx_end = .

.preinit_array  0x0800a6c8        0x0
                0x0800a6c8                        PROVIDE (__preinit_array_start = .)
 *(.preinit_array*)
                0x0800a6c8                        PROVIDE (__preinit_array_end = .)

.init_array     0x0800a6c8        0x4
                0x0800a6c8                        PROVIDE (__init_array_start = .)
 *(SORT_BY_NAME(.init_array.*))
 *(.init_array*)
 .init_array    0x0800a6c8        0x4 /Applications/STM32CubeIDE.app/Contents/Eclipse/plugins/com.st.stm32cube.ide.mcu.externaltools.gnu-tools-for-stm32.13.3.rel1.macos64_1.0.0.202411102158/tools/bin/../lib/gcc/arm-none-eabi/13.3.1/thumb/v8-m.main+fp/hard/crtbegin.o
                0x0800a6cc                        PROVIDE (__init_array_end = .)

.fini_array     0x0800a6cc        0x4
                [!provide]                        PROVIDE (__fini_array_start = .)
 *(SORT_BY_NAME(.fini_array.*))
 *(.fini_array*)
 .fini_array    0x0800a6cc        0x4 /Applications/STM32CubeIDE.app/Contents/Eclipse/plugins/com.st.stm32cube.ide.mcu.externaltools.gnu-tools-for-stm32.13.3.rel1.macos64_1.0.0.202411102158/tools/bin/../lib/gcc/arm-none-eabi/13.3.1/thumb/v8-m.main+fp/hard/crtbegin.o
                [!provide]                        PROVIDE (__fini_array_end = .)
                0x0800a6d0                        _sidata = LOADADDR (.data)

.rel.dyn        0x0800a6d0        0x0
 .rel.iplt      0x0800a6d0        0x0 /Applications/STM32CubeIDE.app/Contents/Eclipse/plugins/com.st.stm32cube.ide.mcu.externaltools.gnu-tools-for-stm32.13.3.rel1.macos64_1.0.0.202411102158/tools/bin/../lib/gcc/arm-none-eabi/13.3.1/thumb/v8-m.main+fp/hard/crtbegin.o

.data           0x20000000       0x84 load address 0x0800a6d0
                0x20000000                        _sdata = .
 *(.data)
 *(.data*)
 .data.SystemCoreClock
                0x20000000        0x4 ./Core/Src/system_stm32u5xx.o
                0x20000000                SystemCoreClock
 .data.uwTickPrio
                0x20000004        0x4 ./Drivers/STM32U5xx_HAL_Driver/Src/stm32u5xx_hal.o
                0x20000004                uwTickPrio
 .data.uwTickFreq
                0x20000008        0x1 ./Drivers/STM32U5xx_HAL_Driver/Src/stm32u5xx_hal.o
                0x20000008                uwTickFreq
 *fill*         0x20000009        0x3 
 .data.pFlash   0x2000000c       0x1c ./Drivers/STM32U5xx_HAL_Driver/Src/stm32u5xx_hal_flash.o
                0x2000000c                pFlash
 .data.__sglue  0x20000028        0xc /Applications/STM32CubeIDE.app/Contents/Eclipse/plugins/com.st.stm32cube.ide.mcu.externaltools.gnu-tools-for-stm32.13.3.rel1.macos64_1.0.0.202411102158/tools/bin/../lib/gcc/arm-none-eabi/13.3.1/../../../../arm-none-eabi/lib/thumb/v8-m.main+fp/hard/libc_nano.a(libc_a-findfp.o)
                0x20000028                __sglue
 .data._impure_ptr
                0x20000034        0x4 /Applications/STM32CubeIDE.app/Contents/Eclipse/plugins/com.st.stm32cube.ide.mcu.externaltools.gnu-tools-for-stm32.13.3.rel1.macos64_1.0.0.202411102158/tools/bin/../lib/gcc/arm-none-eabi/13.3.1/../../../../arm-none-eabi/lib/thumb/v8-m.main+fp/hard/libc_nano.a(libc_a-impure.o)
                0x20000034                _impure_ptr
 .data._impure_data
                0x20000038       0x4c /Applications/STM32CubeIDE.app/Contents/Eclipse/plugins/com.st.stm32cube.ide.mcu.externaltools.gnu-tools-for-stm32.13.3.rel1.macos64_1.0.0.202411102158/tools/bin/../lib/gcc/arm-none-eabi/13.3.1/../../../../arm-none-eabi/lib/thumb/v8-m.main+fp/hard/libc_nano.a(libc_a-impure.o)
                0x20000038                _impure_data
 *(.RamFunc)
 *(.RamFunc*)
                0x20000084                        _edata = .

.igot.plt       0x20000084        0x0 load address 0x0800a754
 .igot.plt      0x20000084        0x0 /Applications/STM32CubeIDE.app/Contents/Eclipse/plugins/com.st.stm32cube.ide.mcu.externaltools.gnu-tools-for-stm32.13.3.rel1.macos64_1.0.0.202411102158/tools/bin/../lib/gcc/arm-none-eabi/13.3.1/thumb/v8-m.main+fp/hard/crtbegin.o

.bss            0x20000084      0x4b4 load address 0x0800a754
                0x20000084                        _sbss = .
                0x20000084                        __bss_start__ = _sbss
 *(.bss)
 .bss           0x20000084       0x1c /Applications/STM32CubeIDE.app/Contents/Eclipse/plugins/com.st.stm32cube.ide.mcu.externaltools.gnu-tools-for-stm32.13.3.rel1.macos64_1.0.0.202411102158/tools/bin/../lib/gcc/arm-none-eabi/13.3.1/thumb/v8-m.main+fp/hard/crtbegin.o
 *(.bss*)
 .bss.hcrc      0x200000a0       0x24 ./Core/Src/main.o
                0x200000a0                hcrc
 .bss.huart3    0x200000c4       0x94 ./Core/Src/main.o
                0x200000c4                huart3
 .bss.handle_GPDMA1_Channel11
                0x20000158       0x78 ./Core/Src/main.o
                0x20000158                handle_GPDMA1_Channel11
 .bss.handle_GPDMA1_Channel10
                0x200001d0       0x78 ./Core/Src/main.o
                0x200001d0                handle_GPDMA1_Channel10
 .bss.received_data
                0x20000248      0x190 ./Core/Src/main.o
                0x20000248                received_data
 .bss.uart_size
                0x200003d8        0x2 ./Core/Src/main.o
 .bss.count     0x200003da        0x1 ./Core/Src/serial_port.o
                0x200003da                count
 *fill*         0x200003db        0x1 
 .bss.fw_base_addr
                0x200003dc        0x4 ./Core/Src/serial_port.o
 .bss.fw_write_offset
                0x200003e0        0x4 ./Core/Src/serial_port.o
 .bss.__sbrk_heap_end
                0x200003e4        0x4 ./Core/Src/sysmem.o
 .bss.uwTick    0x200003e8        0x4 ./Drivers/STM32U5xx_HAL_Driver/Src/stm32u5xx_hal.o
                0x200003e8                uwTick
 .bss.__sf      0x200003ec      0x138 /Applications/STM32CubeIDE.app/Contents/Eclipse/plugins/com.st.stm32cube.ide.mcu.externaltools.gnu-tools-for-stm32.13.3.rel1.macos64_1.0.0.202411102158/tools/bin/../lib/gcc/arm-none-eabi/13.3.1/../../../../arm-none-eabi/lib/thumb/v8-m.main+fp/hard/libc_nano.a(libc_a-findfp.o)
                0x200003ec                __sf
 .bss.__stdio_exit_handler
                0x20000524        0x4 /Applications/STM32CubeIDE.app/Contents/Eclipse/plugins/com.st.stm32cube.ide.mcu.externaltools.gnu-tools-for-stm32.13.3.rel1.macos64_1.0.0.202411102158/tools/bin/../lib/gcc/arm-none-eabi/13.3.1/../../../../arm-none-eabi/lib/thumb/v8-m.main+fp/hard/libc_nano.a(libc_a-findfp.o)
                0x20000524                __stdio_exit_handler
 .bss.__lock___malloc_recursive_mutex
                0x20000528        0x1 /Applications/STM32CubeIDE.app/Contents/Eclipse/plugins/com.st.stm32cube.ide.mcu.externaltools.gnu-tools-for-stm32.13.3.rel1.macos64_1.0.0.202411102158/tools/bin/../lib/gcc/arm-none-eabi/13.3.1/../../../../arm-none-eabi/lib/thumb/v8-m.main+fp/hard/libc_nano.a(libc_a-lock.o)
                0x20000528                __lock___malloc_recursive_mutex
 .bss.__lock___sfp_recursive_mutex
                0x20000529        0x1 /Applications/STM32CubeIDE.app/Contents/Eclipse/plugins/com.st.stm32cube.ide.mcu.externaltools.gnu-tools-for-stm32.13.3.rel1.macos64_1.0.0.202411102158/tools/bin/../lib/gcc/arm-none-eabi/13.3.1/../../../../arm-none-eabi/lib/thumb/v8-m.main+fp/hard/libc_nano.a(libc_a-lock.o)
                0x20000529                __lock___sfp_recursive_mutex
 *fill*         0x2000052a        0x2 
 .bss.__malloc_sbrk_start
                0x2000052c        0x4 /Applications/STM32CubeIDE.app/Contents/Eclipse/plugins/com.st.stm32cube.ide.mcu.externaltools.gnu-tools-for-stm32.13.3.rel1.macos64_1.0.0.202411102158/tools/bin/../lib/gcc/arm-none-eabi/13.3.1/../../../../arm-none-eabi/lib/thumb/v8-m.main+fp/hard/libc_nano.a(libc_a-mallocr.o)
                0x2000052c                __malloc_sbrk_start
 .bss.__malloc_free_list
                0x20000530        0x4 /Applications/STM32CubeIDE.app/Contents/Eclipse/plugins/com.st.stm32cube.ide.mcu.externaltools.gnu-tools-for-stm32.13.3.rel1.macos64_1.0.0.202411102158/tools/bin/../lib/gcc/arm-none-eabi/13.3.1/../../../../arm-none-eabi/lib/thumb/v8-m.main+fp/hard/libc_nano.a(libc_a-mallocr.o)
                0x20000530                __malloc_free_list
 .bss.errno     0x20000534        0x4 /Applications/STM32CubeIDE.app/Contents/Eclipse/plugins/com.st.stm32cube.ide.mcu.externaltools.gnu-tools-for-stm32.13.3.rel1.macos64_1.0.0.202411102158/tools/bin/../lib/gcc/arm-none-eabi/13.3.1/../../../../arm-none-eabi/lib/thumb/v8-m.main+fp/hard/libc_nano.a(libc_a-reent.o)
                0x20000534                errno
 *(COMMON)
                0x20000538                        _ebss = .
                0x20000538                        __bss_end__ = _ebss

._user_heap_stack
                0x20000538      0x600 load address 0x0800a754
                0x20000538                        . = ALIGN (0x8)
                [!provide]                        PROVIDE (end = .)
                0x20000538                        PROVIDE (_end = .)
                0x20000738                        . = (. + _Min_Heap_Size)
 *fill*         0x20000538      0x200 
                0x20000b38                        . = (. + _Min_Stack_Size)
 *fill*         0x20000738      0x400 
                0x20000b38                        . = ALIGN (0x8)

/DISCARD/
 libc.a(*)
 libm.a(*)
 libgcc.a(*)

.ARM.attributes
                0x00000000       0x36
 *(.ARM.attributes)
 .ARM.attributes
                0x00000000       0x26 /Applications/STM32CubeIDE.app/Contents/Eclipse/plugins/com.st.stm32cube.ide.mcu.externaltools.gnu-tools-for-stm32.13.3.rel1.macos64_1.0.0.202411102158/tools/bin/../lib/gcc/arm-none-eabi/13.3.1/thumb/v8-m.main+fp/hard/crti.o
 .ARM.attributes
                0x00000026       0x38 /Applications/STM32CubeIDE.app/Contents/Eclipse/plugins/com.st.stm32cube.ide.mcu.externaltools.gnu-tools-for-stm32.13.3.rel1.macos64_1.0.0.202411102158/tools/bin/../lib/gcc/arm-none-eabi/13.3.1/thumb/v8-m.main+fp/hard/crtbegin.o
 .ARM.attributes
                0x0000005e       0x3a ./Core/Src/flash_control.o
 .ARM.attributes
                0x00000098       0x3a ./Core/Src/main.o
 .ARM.attributes
                0x000000d2       0x3a ./Core/Src/serial_port.o
 .ARM.attributes
                0x0000010c       0x3a ./Core/Src/stm32u5xx_hal_msp.o
 .ARM.attributes
                0x00000146       0x3a ./Core/Src/stm32u5xx_it.o
 .ARM.attributes
                0x00000180       0x3a ./Core/Src/syscalls.o
 .ARM.attributes
                0x000001ba       0x3a ./Core/Src/sysmem.o
 .ARM.attributes
                0x000001f4       0x3a ./Core/Src/system_stm32u5xx.o
 .ARM.attributes
                0x0000022e       0x24 ./Core/Startup/startup_stm32u585aiixq.o
 .ARM.attributes
                0x00000252       0x3a ./Drivers/STM32U5xx_HAL_Driver/Src/stm32u5xx_hal.o
 .ARM.attributes
                0x0000028c       0x3a ./Drivers/STM32U5xx_HAL_Driver/Src/stm32u5xx_hal_cortex.o
 .ARM.attributes
                0x000002c6       0x3a ./Drivers/STM32U5xx_HAL_Driver/Src/stm32u5xx_hal_crc.o
 .ARM.attributes
                0x00000300       0x3a ./Drivers/STM32U5xx_HAL_Driver/Src/stm32u5xx_hal_crc_ex.o
 .ARM.attributes
                0x0000033a       0x3a ./Drivers/STM32U5xx_HAL_Driver/Src/stm32u5xx_hal_dma.o
 .ARM.attributes
                0x00000374       0x3a ./Drivers/STM32U5xx_HAL_Driver/Src/stm32u5xx_hal_dma_ex.o
 .ARM.attributes
                0x000003ae       0x3a ./Drivers/STM32U5xx_HAL_Driver/Src/stm32u5xx_hal_flash.o
 .ARM.attributes
                0x000003e8       0x3a ./Drivers/STM32U5xx_HAL_Driver/Src/stm32u5xx_hal_flash_ex.o
 .ARM.attributes
                0x00000422       0x3a ./Drivers/STM32U5xx_HAL_Driver/Src/stm32u5xx_hal_gpio.o
 .ARM.attributes
                0x0000045c       0x3a ./Drivers/STM32U5xx_HAL_Driver/Src/stm32u5xx_hal_icache.o
 .ARM.attributes
                0x00000496       0x3a ./Drivers/STM32U5xx_HAL_Driver/Src/stm32u5xx_hal_pwr_ex.o
 .ARM.attributes
                0x000004d0       0x3a ./Drivers/STM32U5xx_HAL_Driver/Src/stm32u5xx_hal_rcc.o
 .ARM.attributes
                0x0000050a       0x3a ./Drivers/STM32U5xx_HAL_Driver/Src/stm32u5xx_hal_rcc_ex.o
 .ARM.attributes
                0x00000544       0x3a ./Drivers/STM32U5xx_HAL_Driver/Src/stm32u5xx_hal_uart.o
 .ARM.attributes
                0x0000057e       0x3a ./Drivers/STM32U5xx_HAL_Driver/Src/stm32u5xx_hal_uart_ex.o
 .ARM.attributes
                0x000005b8       0x38 /Applications/STM32CubeIDE.app/Contents/Eclipse/plugins/com.st.stm32cube.ide.mcu.externaltools.gnu-tools-for-stm32.13.3.rel1.macos64_1.0.0.202411102158/tools/bin/../lib/gcc/arm-none-eabi/13.3.1/../../../../arm-none-eabi/lib/thumb/v8-m.main+fp/hard/libc_nano.a(libc_a-findfp.o)
 .ARM.attributes
                0x000005f0       0x38 /Applications/STM32CubeIDE.app/Contents/Eclipse/plugins/com.st.stm32cube.ide.mcu.externaltools.gnu-tools-for-stm32.13.3.rel1.macos64_1.0.0.202411102158/tools/bin/../lib/gcc/arm-none-eabi/13.3.1/../../../../arm-none-eabi/lib/thumb/v8-m.main+fp/hard/libc_nano.a(libc_a-fwalk.o)
 .ARM.attributes
                0x00000628       0x38 /Applications/STM32CubeIDE.app/Contents/Eclipse/plugins/com.st.stm32cube.ide.mcu.externaltools.gnu-tools-for-stm32.13.3.rel1.macos64_1.0.0.202411102158/tools/bin/../lib/gcc/arm-none-eabi/13.3.1/../../../../arm-none-eabi/lib/thumb/v8-m.main+fp/hard/libc_nano.a(libc_a-printf.o)
 .ARM.attributes
                0x00000660       0x38 /Applications/STM32CubeIDE.app/Contents/Eclipse/plugins/com.st.stm32cube.ide.mcu.externaltools.gnu-tools-for-stm32.13.3.rel1.macos64_1.0.0.202411102158/tools/bin/../lib/gcc/arm-none-eabi/13.3.1/../../../../arm-none-eabi/lib/thumb/v8-m.main+fp/hard/libc_nano.a(libc_a-puts.o)
 .ARM.attributes
                0x00000698       0x38 /Applications/STM32CubeIDE.app/Contents/Eclipse/plugins/com.st.stm32cube.ide.mcu.externaltools.gnu-tools-for-stm32.13.3.rel1.macos64_1.0.0.202411102158/tools/bin/../lib/gcc/arm-none-eabi/13.3.1/../../../../arm-none-eabi/lib/thumb/v8-m.main+fp/hard/libc_nano.a(libc_a-memset.o)
 .ARM.attributes
                0x000006d0       0x38 /Applications/STM32CubeIDE.app/Contents/Eclipse/plugins/com.st.stm32cube.ide.mcu.externaltools.gnu-tools-for-stm32.13.3.rel1.macos64_1.0.0.202411102158/tools/bin/../lib/gcc/arm-none-eabi/13.3.1/../../../../arm-none-eabi/lib/thumb/v8-m.main+fp/hard/libc_nano.a(libc_a-errno.o)
 .ARM.attributes
                0x00000708       0x38 /Applications/STM32CubeIDE.app/Contents/Eclipse/plugins/com.st.stm32cube.ide.mcu.externaltools.gnu-tools-for-stm32.13.3.rel1.macos64_1.0.0.202411102158/tools/bin/../lib/gcc/arm-none-eabi/13.3.1/../../../../arm-none-eabi/lib/thumb/v8-m.main+fp/hard/libc_nano.a(libc_a-init.o)
 .ARM.attributes
                0x00000740       0x38 /Applications/STM32CubeIDE.app/Contents/Eclipse/plugins/com.st.stm32cube.ide.mcu.externaltools.gnu-tools-for-stm32.13.3.rel1.macos64_1.0.0.202411102158/tools/bin/../lib/gcc/arm-none-eabi/13.3.1/../../../../arm-none-eabi/lib/thumb/v8-m.main+fp/hard/libc_nano.a(libc_a-lock.o)
 .ARM.attributes
                0x00000778       0x38 /Applications/STM32CubeIDE.app/Contents/Eclipse/plugins/com.st.stm32cube.ide.mcu.externaltools.gnu-tools-for-stm32.13.3.rel1.macos64_1.0.0.202411102158/tools/bin/../lib/gcc/arm-none-eabi/13.3.1/../../../../arm-none-eabi/lib/thumb/v8-m.main+fp/hard/libc_nano.a(libc_a-impure.o)
 .ARM.attributes
                0x000007b0       0x38 /Applications/STM32CubeIDE.app/Contents/Eclipse/plugins/com.st.stm32cube.ide.mcu.externaltools.gnu-tools-for-stm32.13.3.rel1.macos64_1.0.0.202411102158/tools/bin/../lib/gcc/arm-none-eabi/13.3.1/../../../../arm-none-eabi/lib/thumb/v8-m.main+fp/hard/libc_nano.a(libc_a-memcpy-stub.o)
 .ARM.attributes
                0x000007e8       0x38 /Applications/STM32CubeIDE.app/Contents/Eclipse/plugins/com.st.stm32cube.ide.mcu.externaltools.gnu-tools-for-stm32.13.3.rel1.macos64_1.0.0.202411102158/tools/bin/../lib/gcc/arm-none-eabi/13.3.1/../../../../arm-none-eabi/lib/thumb/v8-m.main+fp/hard/libc_nano.a(libc_a-nano-vfprintf.o)
 .ARM.attributes
                0x00000820       0x38 /Applications/STM32CubeIDE.app/Contents/Eclipse/plugins/com.st.stm32cube.ide.mcu.externaltools.gnu-tools-for-stm32.13.3.rel1.macos64_1.0.0.202411102158/tools/bin/../lib/gcc/arm-none-eabi/13.3.1/../../../../arm-none-eabi/lib/thumb/v8-m.main+fp/hard/libc_nano.a(libc_a-mallocr.o)
 .ARM.attributes
                0x00000858       0x38 /Applications/STM32CubeIDE.app/Contents/Eclipse/plugins/com.st.stm32cube.ide.mcu.externaltools.gnu-tools-for-stm32.13.3.rel1.macos64_1.0.0.202411102158/tools/bin/../lib/gcc/arm-none-eabi/13.3.1/../../../../arm-none-eabi/lib/thumb/v8-m.main+fp/hard/libc_nano.a(libc_a-nano-vfprintf_i.o)
 .ARM.attributes
                0x00000890       0x38 /Applications/STM32CubeIDE.app/Contents/Eclipse/plugins/com.st.stm32cube.ide.mcu.externaltools.gnu-tools-for-stm32.13.3.rel1.macos64_1.0.0.202411102158/tools/bin/../lib/gcc/arm-none-eabi/13.3.1/../../../../arm-none-eabi/lib/thumb/v8-m.main+fp/hard/libc_nano.a(libc_a-fflush.o)
 .ARM.attributes
                0x000008c8       0x38 /Applications/STM32CubeIDE.app/Contents/Eclipse/plugins/com.st.stm32cube.ide.mcu.externaltools.gnu-tools-for-stm32.13.3.rel1.macos64_1.0.0.202411102158/tools/bin/../lib/gcc/arm-none-eabi/13.3.1/../../../../arm-none-eabi/lib/thumb/v8-m.main+fp/hard/libc_nano.a(libc_a-mlock.o)
 .ARM.attributes
                0x00000900       0x38 /Applications/STM32CubeIDE.app/Contents/Eclipse/plugins/com.st.stm32cube.ide.mcu.externaltools.gnu-tools-for-stm32.13.3.rel1.macos64_1.0.0.202411102158/tools/bin/../lib/gcc/arm-none-eabi/13.3.1/../../../../arm-none-eabi/lib/thumb/v8-m.main+fp/hard/libc_nano.a(libc_a-stdio.o)
 .ARM.attributes
                0x00000938       0x38 /Applications/STM32CubeIDE.app/Contents/Eclipse/plugins/com.st.stm32cube.ide.mcu.externaltools.gnu-tools-for-stm32.13.3.rel1.macos64_1.0.0.202411102158/tools/bin/../lib/gcc/arm-none-eabi/13.3.1/../../../../arm-none-eabi/lib/thumb/v8-m.main+fp/hard/libc_nano.a(libc_a-wbuf.o)
 .ARM.attributes
                0x00000970       0x38 /Applications/STM32CubeIDE.app/Contents/Eclipse/plugins/com.st.stm32cube.ide.mcu.externaltools.gnu-tools-for-stm32.13.3.rel1.macos64_1.0.0.202411102158/tools/bin/../lib/gcc/arm-none-eabi/13.3.1/../../../../arm-none-eabi/lib/thumb/v8-m.main+fp/hard/libc_nano.a(libc_a-wsetup.o)
 .ARM.attributes
                0x000009a8       0x38 /Applications/STM32CubeIDE.app/Contents/Eclipse/plugins/com.st.stm32cube.ide.mcu.externaltools.gnu-tools-for-stm32.13.3.rel1.macos64_1.0.0.202411102158/tools/bin/../lib/gcc/arm-none-eabi/13.3.1/../../../../arm-none-eabi/lib/thumb/v8-m.main+fp/hard/libc_nano.a(libc_a-makebuf.o)
 .ARM.attributes
                0x000009e0       0x38 /Applications/STM32CubeIDE.app/Contents/Eclipse/plugins/com.st.stm32cube.ide.mcu.externaltools.gnu-tools-for-stm32.13.3.rel1.macos64_1.0.0.202411102158/tools/bin/../lib/gcc/arm-none-eabi/13.3.1/../../../../arm-none-eabi/lib/thumb/v8-m.main+fp/hard/libc_nano.a(libc_a-isattyr.o)
 .ARM.attributes
                0x00000a18       0x38 /Applications/STM32CubeIDE.app/Contents/Eclipse/plugins/com.st.stm32cube.ide.mcu.externaltools.gnu-tools-for-stm32.13.3.rel1.macos64_1.0.0.202411102158/tools/bin/../lib/gcc/arm-none-eabi/13.3.1/../../../../arm-none-eabi/lib/thumb/v8-m.main+fp/hard/libc_nano.a(libc_a-lseekr.o)
 .ARM.attributes
                0x00000a50       0x38 /Applications/STM32CubeIDE.app/Contents/Eclipse/plugins/com.st.stm32cube.ide.mcu.externaltools.gnu-tools-for-stm32.13.3.rel1.macos64_1.0.0.202411102158/tools/bin/../lib/gcc/arm-none-eabi/13.3.1/../../../../arm-none-eabi/lib/thumb/v8-m.main+fp/hard/libc_nano.a(libc_a-readr.o)
 .ARM.attributes
                0x00000a88       0x38 /Applications/STM32CubeIDE.app/Contents/Eclipse/plugins/com.st.stm32cube.ide.mcu.externaltools.gnu-tools-for-stm32.13.3.rel1.macos64_1.0.0.202411102158/tools/bin/../lib/gcc/arm-none-eabi/13.3.1/../../../../arm-none-eabi/lib/thumb/v8-m.main+fp/hard/libc_nano.a(libc_a-sbrkr.o)
 .ARM.attributes
                0x00000ac0       0x38 /Applications/STM32CubeIDE.app/Contents/Eclipse/plugins/com.st.stm32cube.ide.mcu.externaltools.gnu-tools-for-stm32.13.3.rel1.macos64_1.0.0.202411102158/tools/bin/../lib/gcc/arm-none-eabi/13.3.1/../../../../arm-none-eabi/lib/thumb/v8-m.main+fp/hard/libc_nano.a(libc_a-writer.o)
 .ARM.attributes
                0x00000af8       0x38 /Applications/STM32CubeIDE.app/Contents/Eclipse/plugins/com.st.stm32cube.ide.mcu.externaltools.gnu-tools-for-stm32.13.3.rel1.macos64_1.0.0.202411102158/tools/bin/../lib/gcc/arm-none-eabi/13.3.1/../../../../arm-none-eabi/lib/thumb/v8-m.main+fp/hard/libc_nano.a(libc_a-closer.o)
 .ARM.attributes
                0x00000b30       0x38 /Applications/STM32CubeIDE.app/Contents/Eclipse/plugins/com.st.stm32cube.ide.mcu.externaltools.gnu-tools-for-stm32.13.3.rel1.macos64_1.0.0.202411102158/tools/bin/../lib/gcc/arm-none-eabi/13.3.1/../../../../arm-none-eabi/lib/thumb/v8-m.main+fp/hard/libc_nano.a(libc_a-reent.o)
 .ARM.attributes
                0x00000b68       0x38 /Applications/STM32CubeIDE.app/Contents/Eclipse/plugins/com.st.stm32cube.ide.mcu.externaltools.gnu-tools-for-stm32.13.3.rel1.macos64_1.0.0.202411102158/tools/bin/../lib/gcc/arm-none-eabi/13.3.1/../../../../arm-none-eabi/lib/thumb/v8-m.main+fp/hard/libc_nano.a(libc_a-fstatr.o)
 .ARM.attributes
                0x00000ba0       0x38 /Applications/STM32CubeIDE.app/Contents/Eclipse/plugins/com.st.stm32cube.ide.mcu.externaltools.gnu-tools-for-stm32.13.3.rel1.macos64_1.0.0.202411102158/tools/bin/../lib/gcc/arm-none-eabi/13.3.1/../../../../arm-none-eabi/lib/thumb/v8-m.main+fp/hard/libc_nano.a(libc_a-memchr-stub.o)
 .ARM.attributes
                0x00000bd8       0x38 /Applications/STM32CubeIDE.app/Contents/Eclipse/plugins/com.st.stm32cube.ide.mcu.externaltools.gnu-tools-for-stm32.13.3.rel1.macos64_1.0.0.202411102158/tools/bin/../lib/gcc/arm-none-eabi/13.3.1/../../../../arm-none-eabi/lib/thumb/v8-m.main+fp/hard/libc_nano.a(libc_a-freer.o)
 .ARM.attributes
                0x00000c10       0x26 /Applications/STM32CubeIDE.app/Contents/Eclipse/plugins/com.st.stm32cube.ide.mcu.externaltools.gnu-tools-for-stm32.13.3.rel1.macos64_1.0.0.202411102158/tools/bin/../lib/gcc/arm-none-eabi/13.3.1/thumb/v8-m.main+fp/hard/libgcc.a(_aeabi_uldivmod.o)
 .ARM.attributes
                0x00000c36       0x38 /Applications/STM32CubeIDE.app/Contents/Eclipse/plugins/com.st.stm32cube.ide.mcu.externaltools.gnu-tools-for-stm32.13.3.rel1.macos64_1.0.0.202411102158/tools/bin/../lib/gcc/arm-none-eabi/13.3.1/thumb/v8-m.main+fp/hard/libgcc.a(_udivmoddi4.o)
 .ARM.attributes
                0x00000c6e       0x26 /Applications/STM32CubeIDE.app/Contents/Eclipse/plugins/com.st.stm32cube.ide.mcu.externaltools.gnu-tools-for-stm32.13.3.rel1.macos64_1.0.0.202411102158/tools/bin/../lib/gcc/arm-none-eabi/13.3.1/thumb/v8-m.main+fp/hard/libgcc.a(_dvmd_tls.o)
 .ARM.attributes
                0x00000c94       0x26 /Applications/STM32CubeIDE.app/Contents/Eclipse/plugins/com.st.stm32cube.ide.mcu.externaltools.gnu-tools-for-stm32.13.3.rel1.macos64_1.0.0.202411102158/tools/bin/../lib/gcc/arm-none-eabi/13.3.1/thumb/v8-m.main+fp/hard/crtn.o
OUTPUT(U585-bootloader.elf elf32-littlearm)
LOAD linker stubs
LOAD /Applications/STM32CubeIDE.app/Contents/Eclipse/plugins/com.st.stm32cube.ide.mcu.externaltools.gnu-tools-for-stm32.13.3.rel1.macos64_1.0.0.202411102158/tools/bin/../lib/gcc/arm-none-eabi/13.3.1/../../../../arm-none-eabi/lib/thumb/v8-m.main+fp/hard/libc.a
LOAD /Applications/STM32CubeIDE.app/Contents/Eclipse/plugins/com.st.stm32cube.ide.mcu.externaltools.gnu-tools-for-stm32.13.3.rel1.macos64_1.0.0.202411102158/tools/bin/../lib/gcc/arm-none-eabi/13.3.1/../../../../arm-none-eabi/lib/thumb/v8-m.main+fp/hard/libm.a
LOAD /Applications/STM32CubeIDE.app/Contents/Eclipse/plugins/com.st.stm32cube.ide.mcu.externaltools.gnu-tools-for-stm32.13.3.rel1.macos64_1.0.0.202411102158/tools/bin/../lib/gcc/arm-none-eabi/13.3.1/thumb/v8-m.main+fp/hard/libgcc.a

.debug_info     0x00000000    0x15dc1
 .debug_info    0x00000000      0x6fc ./Core/Src/flash_control.o
 .debug_info    0x000006fc     0x1c26 ./Core/Src/main.o
 .debug_info    0x00002322      0x5c5 ./Core/Src/serial_port.o
 .debug_info    0x000028e7     0x17ce ./Core/Src/stm32u5xx_hal_msp.o
 .debug_info    0x000040b5      0xd5c ./Core/Src/stm32u5xx_it.o
 .debug_info    0x00004e11      0x6a3 ./Core/Src/syscalls.o
 .debug_info    0x000054b4      0x168 ./Core/Src/sysmem.o
 .debug_info    0x0000561c      0x929 ./Core/Src/system_stm32u5xx.o
 .debug_info    0x00005f45       0x30 ./Core/Startup/startup_stm32u585aiixq.o
 .debug_info    0x00005f75     0x11fb ./Drivers/STM32U5xx_HAL_Driver/Src/stm32u5xx_hal.o
 .debug_info    0x00007170     0x1658 ./Drivers/STM32U5xx_HAL_Driver/Src/stm32u5xx_hal_cortex.o
 .debug_info    0x000087c8      0x577 ./Drivers/STM32U5xx_HAL_Driver/Src/stm32u5xx_hal_crc.o
 .debug_info    0x00008d3f      0x38a ./Drivers/STM32U5xx_HAL_Driver/Src/stm32u5xx_hal_crc_ex.o
 .debug_info    0x000090c9      0xadc ./Drivers/STM32U5xx_HAL_Driver/Src/stm32u5xx_hal_dma.o
 .debug_info    0x00009ba5     0x1902 ./Drivers/STM32U5xx_HAL_Driver/Src/stm32u5xx_hal_dma_ex.o
 .debug_info    0x0000b4a7      0x89f ./Drivers/STM32U5xx_HAL_Driver/Src/stm32u5xx_hal_flash.o
 .debug_info    0x0000bd46      0xb7a ./Drivers/STM32U5xx_HAL_Driver/Src/stm32u5xx_hal_flash_ex.o
 .debug_info    0x0000c8c0      0x859 ./Drivers/STM32U5xx_HAL_Driver/Src/stm32u5xx_hal_gpio.o
 .debug_info    0x0000d119      0x4d6 ./Drivers/STM32U5xx_HAL_Driver/Src/stm32u5xx_hal_icache.o
 .debug_info    0x0000d5ef      0xe3e ./Drivers/STM32U5xx_HAL_Driver/Src/stm32u5xx_hal_pwr_ex.o
 .debug_info    0x0000e42d     0x11f0 ./Drivers/STM32U5xx_HAL_Driver/Src/stm32u5xx_hal_rcc.o
 .debug_info    0x0000f61d     0x158b ./Drivers/STM32U5xx_HAL_Driver/Src/stm32u5xx_hal_rcc_ex.o
 .debug_info    0x00010ba8     0x4029 ./Drivers/STM32U5xx_HAL_Driver/Src/stm32u5xx_hal_uart.o
 .debug_info    0x00014bd1     0x11f0 ./Drivers/STM32U5xx_HAL_Driver/Src/stm32u5xx_hal_uart_ex.o

.debug_abbrev   0x00000000     0x341b
 .debug_abbrev  0x00000000      0x1c4 ./Core/Src/flash_control.o
 .debug_abbrev  0x000001c4      0x3aa ./Core/Src/main.o
 .debug_abbrev  0x0000056e      0x243 ./Core/Src/serial_port.o
 .debug_abbrev  0x000007b1      0x250 ./Core/Src/stm32u5xx_hal_msp.o
 .debug_abbrev  0x00000a01      0x1f0 ./Core/Src/stm32u5xx_it.o
 .debug_abbrev  0x00000bf1      0x1b6 ./Core/Src/syscalls.o
 .debug_abbrev  0x00000da7       0xbc ./Core/Src/sysmem.o
 .debug_abbrev  0x00000e63      0x129 ./Core/Src/system_stm32u5xx.o
 .debug_abbrev  0x00000f8c       0x24 ./Core/Startup/startup_stm32u585aiixq.o
 .debug_abbrev  0x00000fb0      0x2a5 ./Drivers/STM32U5xx_HAL_Driver/Src/stm32u5xx_hal.o
 .debug_abbrev  0x00001255      0x311 ./Drivers/STM32U5xx_HAL_Driver/Src/stm32u5xx_hal_cortex.o
 .debug_abbrev  0x00001566      0x224 ./Drivers/STM32U5xx_HAL_Driver/Src/stm32u5xx_hal_crc.o
 .debug_abbrev  0x0000178a      0x187 ./Drivers/STM32U5xx_HAL_Driver/Src/stm32u5xx_hal_crc_ex.o
 .debug_abbrev  0x00001911      0x1ff ./Drivers/STM32U5xx_HAL_Driver/Src/stm32u5xx_hal_dma.o
 .debug_abbrev  0x00001b10      0x21d ./Drivers/STM32U5xx_HAL_Driver/Src/stm32u5xx_hal_dma_ex.o
 .debug_abbrev  0x00001d2d      0x2eb ./Drivers/STM32U5xx_HAL_Driver/Src/stm32u5xx_hal_flash.o
 .debug_abbrev  0x00002018      0x28b ./Drivers/STM32U5xx_HAL_Driver/Src/stm32u5xx_hal_flash_ex.o
 .debug_abbrev  0x000022a3      0x25a ./Drivers/STM32U5xx_HAL_Driver/Src/stm32u5xx_hal_gpio.o
 .debug_abbrev  0x000024fd      0x228 ./Drivers/STM32U5xx_HAL_Driver/Src/stm32u5xx_hal_icache.o
 .debug_abbrev  0x00002725      0x215 ./Drivers/STM32U5xx_HAL_Driver/Src/stm32u5xx_hal_pwr_ex.o
 .debug_abbrev  0x0000293a      0x2cb ./Drivers/STM32U5xx_HAL_Driver/Src/stm32u5xx_hal_rcc.o
 .debug_abbrev  0x00002c05      0x23d ./Drivers/STM32U5xx_HAL_Driver/Src/stm32u5xx_hal_rcc_ex.o
 .debug_abbrev  0x00002e42      0x305 ./Drivers/STM32U5xx_HAL_Driver/Src/stm32u5xx_hal_uart.o
 .debug_abbrev  0x00003147      0x2d4 ./Drivers/STM32U5xx_HAL_Driver/Src/stm32u5xx_hal_uart_ex.o

.debug_aranges  0x00000000     0x1180
 .debug_aranges
                0x00000000       0x30 ./Core/Src/flash_control.o
 .debug_aranges
                0x00000030       0x78 ./Core/Src/main.o
 .debug_aranges
                0x000000a8       0x30 ./Core/Src/serial_port.o
 .debug_aranges
                0x000000d8       0x40 ./Core/Src/stm32u5xx_hal_msp.o
 .debug_aranges
                0x00000118       0x78 ./Core/Src/stm32u5xx_it.o
 .debug_aranges
                0x00000190       0xa8 ./Core/Src/syscalls.o
 .debug_aranges
                0x00000238       0x20 ./Core/Src/sysmem.o
 .debug_aranges
                0x00000258       0x28 ./Core/Src/system_stm32u5xx.o
 .debug_aranges
                0x00000280       0x28 ./Core/Startup/startup_stm32u585aiixq.o
 .debug_aranges
                0x000002a8      0x148 ./Drivers/STM32U5xx_HAL_Driver/Src/stm32u5xx_hal.o
 .debug_aranges
                0x000003f0      0x140 ./Drivers/STM32U5xx_HAL_Driver/Src/stm32u5xx_hal_cortex.o
 .debug_aranges
                0x00000530       0x60 ./Drivers/STM32U5xx_HAL_Driver/Src/stm32u5xx_hal_crc.o
 .debug_aranges
                0x00000590       0x30 ./Drivers/STM32U5xx_HAL_Driver/Src/stm32u5xx_hal_crc_ex.o
 .debug_aranges
                0x000005c0       0xa0 ./Drivers/STM32U5xx_HAL_Driver/Src/stm32u5xx_hal_dma.o
 .debug_aranges
                0x00000660      0x1a0 ./Drivers/STM32U5xx_HAL_Driver/Src/stm32u5xx_hal_dma_ex.o
 .debug_aranges
                0x00000800       0x88 ./Drivers/STM32U5xx_HAL_Driver/Src/stm32u5xx_hal_flash.o
 .debug_aranges
                0x00000888       0xd0 ./Drivers/STM32U5xx_HAL_Driver/Src/stm32u5xx_hal_flash_ex.o
 .debug_aranges
                0x00000958       0x78 ./Drivers/STM32U5xx_HAL_Driver/Src/stm32u5xx_hal_gpio.o
 .debug_aranges
                0x000009d0       0xa8 ./Drivers/STM32U5xx_HAL_Driver/Src/stm32u5xx_hal_icache.o
 .debug_aranges
                0x00000a78      0x200 ./Drivers/STM32U5xx_HAL_Driver/Src/stm32u5xx_hal_pwr_ex.o
 .debug_aranges
                0x00000c78       0xa8 ./Drivers/STM32U5xx_HAL_Driver/Src/stm32u5xx_hal_rcc.o
 .debug_aranges
                0x00000d20      0x160 ./Drivers/STM32U5xx_HAL_Driver/Src/stm32u5xx_hal_rcc_ex.o
 .debug_aranges
                0x00000e80      0x248 ./Drivers/STM32U5xx_HAL_Driver/Src/stm32u5xx_hal_uart.o
 .debug_aranges
                0x000010c8       0xb8 ./Drivers/STM32U5xx_HAL_Driver/Src/stm32u5xx_hal_uart_ex.o

.debug_rnglists
                0x00000000      0xd6b
 .debug_rnglists
                0x00000000       0x21 ./Core/Src/flash_control.o
 .debug_rnglists
                0x00000021       0x58 ./Core/Src/main.o
 .debug_rnglists
                0x00000079       0x21 ./Core/Src/serial_port.o
 .debug_rnglists
                0x0000009a       0x2c ./Core/Src/stm32u5xx_hal_msp.o
 .debug_rnglists
                0x000000c6       0x55 ./Core/Src/stm32u5xx_it.o
 .debug_rnglists
                0x0000011b       0x79 ./Core/Src/syscalls.o
 .debug_rnglists
                0x00000194       0x13 ./Core/Src/sysmem.o
 .debug_rnglists
                0x000001a7       0x1a ./Core/Src/system_stm32u5xx.o
 .debug_rnglists
                0x000001c1       0x19 ./Core/Startup/startup_stm32u585aiixq.o
 .debug_rnglists
                0x000001da       0xf3 ./Drivers/STM32U5xx_HAL_Driver/Src/stm32u5xx_hal.o
 .debug_rnglists
                0x000002cd       0xec ./Drivers/STM32U5xx_HAL_Driver/Src/stm32u5xx_hal_cortex.o
 .debug_rnglists
                0x000003b9       0x47 ./Drivers/STM32U5xx_HAL_Driver/Src/stm32u5xx_hal_crc.o
 .debug_rnglists
                0x00000400       0x20 ./Drivers/STM32U5xx_HAL_Driver/Src/stm32u5xx_hal_crc_ex.o
 .debug_rnglists
                0x00000420       0x7e ./Drivers/STM32U5xx_HAL_Driver/Src/stm32u5xx_hal_dma.o
 .debug_rnglists
                0x0000049e      0x155 ./Drivers/STM32U5xx_HAL_Driver/Src/stm32u5xx_hal_dma_ex.o
 .debug_rnglists
                0x000005f3       0x65 ./Drivers/STM32U5xx_HAL_Driver/Src/stm32u5xx_hal_flash.o
 .debug_rnglists
                0x00000658       0xa0 ./Drivers/STM32U5xx_HAL_Driver/Src/stm32u5xx_hal_flash_ex.o
 .debug_rnglists
                0x000006f8       0x5a ./Drivers/STM32U5xx_HAL_Driver/Src/stm32u5xx_hal_gpio.o
 .debug_rnglists
                0x00000752       0x7a ./Drivers/STM32U5xx_HAL_Driver/Src/stm32u5xx_hal_icache.o
 .debug_rnglists
                0x000007cc      0x186 ./Drivers/STM32U5xx_HAL_Driver/Src/stm32u5xx_hal_pwr_ex.o
 .debug_rnglists
                0x00000952       0x7f ./Drivers/STM32U5xx_HAL_Driver/Src/stm32u5xx_hal_rcc.o
 .debug_rnglists
                0x000009d1      0x113 ./Drivers/STM32U5xx_HAL_Driver/Src/stm32u5xx_hal_rcc_ex.o
 .debug_rnglists
                0x00000ae4      0x1fb ./Drivers/STM32U5xx_HAL_Driver/Src/stm32u5xx_hal_uart.o
 .debug_rnglists
                0x00000cdf       0x8c ./Drivers/STM32U5xx_HAL_Driver/Src/stm32u5xx_hal_uart_ex.o

.debug_macro    0x00000000    0x34cef
 .debug_macro   0x00000000      0x2fc ./Core/Src/flash_control.o
 .debug_macro   0x000002fc      0xade ./Core/Src/flash_control.o
 .debug_macro   0x00000dda      0x201 ./Core/Src/flash_control.o
 .debug_macro   0x00000fdb       0x2e ./Core/Src/flash_control.o
 .debug_macro   0x00001009       0x42 ./Core/Src/flash_control.o
 .debug_macro   0x0000104b       0x22 ./Core/Src/flash_control.o
 .debug_macro   0x0000106d       0x8e ./Core/Src/flash_control.o
 .debug_macro   0x000010fb       0x51 ./Core/Src/flash_control.o
 .debug_macro   0x0000114c      0x103 ./Core/Src/flash_control.o
 .debug_macro   0x0000124f       0x6a ./Core/Src/flash_control.o
 .debug_macro   0x000012b9      0x1df ./Core/Src/flash_control.o
 .debug_macro   0x00001498       0x1c ./Core/Src/flash_control.o
 .debug_macro   0x000014b4       0x29 ./Core/Src/flash_control.o
 .debug_macro   0x000014dd       0xfb ./Core/Src/flash_control.o
 .debug_macro   0x000015d8     0x1685 ./Core/Src/flash_control.o
 .debug_macro   0x00002c5d       0x5e ./Core/Src/flash_control.o
 .debug_macro   0x00002cbb    0x23cfa ./Core/Src/flash_control.o
 .debug_macro   0x000269b5       0x6d ./Core/Src/flash_control.o
 .debug_macro   0x00026a22     0x393e ./Core/Src/flash_control.o
 .debug_macro   0x0002a360      0x190 ./Core/Src/flash_control.o
 .debug_macro   0x0002a4f0       0x61 ./Core/Src/flash_control.o
 .debug_macro   0x0002a551       0x2a ./Core/Src/flash_control.o
 .debug_macro   0x0002a57b       0x43 ./Core/Src/flash_control.o
 .debug_macro   0x0002a5be       0x34 ./Core/Src/flash_control.o
 .debug_macro   0x0002a5f2      0x370 ./Core/Src/flash_control.o
 .debug_macro   0x0002a962       0x16 ./Core/Src/flash_control.o
 .debug_macro   0x0002a978       0x4a ./Core/Src/flash_control.o
 .debug_macro   0x0002a9c2       0x34 ./Core/Src/flash_control.o
 .debug_macro   0x0002a9f6       0x10 ./Core/Src/flash_control.o
 .debug_macro   0x0002aa06       0x58 ./Core/Src/flash_control.o